<html>
<body>
<pre>
<h1>µVision Build Log</h1>
<h2>Tool Versions:</h2>
IDE-Version: ¶ÃVision V5.27.1.0
Copyright (C) 2019 ARM Ltd and ARM Germany GmbH. All rights reserved.
License Information: sd QAQ, sd, LIC=21E4T-RTUQY-NN3AF-6KISN-ZUPX0-4M4N3
 
Tool Versions:
Toolchain:       MDK-ARM Plus  Version: 5.26.2.0
Toolchain Path:  D:\Keil_v5\ARM\ARMCC\Bin
C Compiler:      Armcc.exe V5.06 update 6 (build 750)
Assembler:       Armasm.exe V5.06 update 6 (build 750)
Linker/Locator:  ArmLink.exe V5.06 update 6 (build 750)
Library Manager: ArmAr.exe V5.06 update 6 (build 750)
Hex Converter:   FromElf.exe V5.06 update 6 (build 750)
CPU DLL:         SARMCM3.DLL V5.26.2.0
Dialog DLL:      DCM.DLL V1.17.2.0
Target DLL:      CMSIS_AGDI.dll V1.30.6.0
Dialog DLL:      TCM.DLL V1.36.1.0
 
<h2>Project:</h2>
C:\Users\QAQ\Desktop\±œ“µ…Ëº∆\STM32_finish3\USER\Template.uvprojx
Project File Date:  04/09/2023

<h2>Output:</h2>
*** Using Compiler 'V5.06 update 6 (build 750)', folder: 'D:\Keil_v5\ARM\ARMCC\Bin'
Build target 'Template'
compiling task.c...
..\HARDWARE\TASK\task.c(71): warning:  #1293-D: assignment in condition
  			if((p=strstr(buff,"\"tempmin\":")))
..\HARDWARE\TASK\task.c(75): warning:  #1293-D: assignment in condition
  			if((p=strstr(buff,"\"tempmax\":")))
..\HARDWARE\TASK\task.c(79): warning:  #1293-D: assignment in condition
  			if((p=strstr(buff,"\"tempopen\":1")))
..\HARDWARE\TASK\task.c(82): warning:  #1293-D: assignment in condition
  			if((p=strstr(buff,"\"workopen\":1")))
..\HARDWARE\TASK\task.c: 4 warnings, 0 errors
linking...
Program Size: Code=16996 RO-data=512 RW-data=964 ZI-data=2436  
FromELF: creating hex file...
"..\OBJ\Template.axf" - 0 Error(s), 4 Warning(s).

<h2>Software Packages used:</h2>

Package Vendor: Keil
                http://www.keil.com/pack/Keil.STM32F1xx_DFP.2.3.0.pack
                Keil.STM32F1xx_DFP.2.3.0
                STMicroelectronics STM32F1 Series Device Support, Drivers and Examples

<h2>Collection of Component include folders:</h2>
  .\RTE\_Template
  D:\Keil_v5\ARM\PACK\Keil\STM32F1xx_DFP\2.3.0\Device\Include

<h2>Collection of Component Files used:</h2>
Build Time Elapsed:  00:00:02
</pre>
</body>
</html>
