Component: ARM Compiler 5.06 update 6 (build 750) Tool: armlink [4d35ed]

==============================================================================

Section Cross References

    main.o(i.main) refers to delay.o(i.delay_init) for delay_init
    main.o(i.main) refers to tim.o(i.TIM4_Init) for TIM4_Init
    main.o(i.main) refers to usart.o(i.uart_init) for uart_init
    main.o(i.main) refers to usart.o(i.uart2_init) for uart2_init
    main.o(i.main) refers to net_things.o(i.UnConnect) for UnConnect
    main.o(i.main) refers to net_things.o(i.Net_Things_Init) for Net_Things_Init
    main.o(i.main) refers to led.o(i.LED_Init) for LED_Init
    main.o(i.main) refers to beep.o(i.BEEP_Init) for BEEP_Init
    main.o(i.main) refers to key.o(i.KEY_Init) for KEY_Init
    main.o(i.main) refers to exti.o(i.EXTIX_Init) for EXTIX_Init
    main.o(i.main) refers to ds18b20.o(i.DS18B20_Init) for DS18B20_Init
    main.o(i.main) refers to pwm.o(i.FEN_Init) for FEN_Init
    main.o(i.main) refers to motor.o(i.MOTOR_Init) for MOTOR_Init
    main.o(i.main) refers to temp.o(i.TEMP_Init) for TEMP_Init
    main.o(i.main) refers to pwm.o(i.TIM3_PWM_Init) for TIM3_PWM_Init
    main.o(i.main) refers to task.o(i.fuc_TASK) for fuc_TASK
    system_stm32f10x.o(i.SetSysClock) refers to system_stm32f10x.o(i.SetSysClockTo72) for SetSysClockTo72
    system_stm32f10x.o(i.SystemCoreClockUpdate) refers to system_stm32f10x.o(.data) for SystemCoreClock
    system_stm32f10x.o(i.SystemInit) refers to system_stm32f10x.o(i.SetSysClock) for SetSysClock
    delay.o(i.delay_init) refers to misc.o(i.SysTick_CLKSourceConfig) for SysTick_CLKSourceConfig
    delay.o(i.delay_init) refers to system_stm32f10x.o(.data) for SystemCoreClock
    delay.o(i.delay_init) refers to delay.o(.data) for fac_us
    delay.o(i.delay_ms) refers to delay.o(.data) for fac_ms
    delay.o(i.delay_us) refers to delay.o(.data) for fac_us
    usart.o(i.USART1_IRQHandler) refers (Special) to use_no_semi_2.o(.text) for __use_no_semihosting
    usart.o(i.USART1_IRQHandler) refers to stm32f10x_usart.o(i.USART_GetITStatus) for USART_GetITStatus
    usart.o(i.USART1_IRQHandler) refers to stm32f10x_usart.o(i.USART_ReceiveData) for USART_ReceiveData
    usart.o(i.USART1_IRQHandler) refers to usart.o(i.Usart_SendString) for Usart_SendString
    usart.o(i.USART1_IRQHandler) refers to usart.o(.data) for USART_RX_STA
    usart.o(i.USART1_IRQHandler) refers to usart.o(.bss) for USART_RX_BUF
    usart.o(i.USART2_IRQHandler) refers (Special) to use_no_semi_2.o(.text) for __use_no_semihosting
    usart.o(i.USART2_IRQHandler) refers to stm32f10x_usart.o(i.USART_GetITStatus) for USART_GetITStatus
    usart.o(i.USART2_IRQHandler) refers to stm32f10x_usart.o(i.USART_ReceiveData) for USART_ReceiveData
    usart.o(i.USART2_IRQHandler) refers to stm32f10x_usart.o(i.USART_SendData) for USART_SendData
    usart.o(i.USART2_IRQHandler) refers to rt_memclr.o(.text) for __aeabi_memclr
    usart.o(i.USART2_IRQHandler) refers to usart.o(.data) for i
    usart.o(i.USART2_IRQHandler) refers to usart.o(.bss) for RX_Data
    usart.o(i.Usart_SendString) refers (Special) to use_no_semi_2.o(.text) for __use_no_semihosting
    usart.o(i.Usart_SendString) refers to noretval__2printf.o(.text) for __2printf
    usart.o(i.Usart_SendString) refers to stm32f10x_usart.o(i.USART_SendData) for USART_SendData
    usart.o(i.Usart_SendString) refers to stm32f10x_usart.o(i.USART_GetFlagStatus) for USART_GetFlagStatus
    usart.o(i.Usart_SendString) refers to usart.o(.data) for USART_RX_STA
    usart.o(i.Usart_SendString) refers to usart.o(.bss) for USART_RX_BUF
    usart.o(i._sys_exit) refers (Special) to use_no_semi_2.o(.text) for __use_no_semihosting
    usart.o(i.fputc) refers (Special) to use_no_semi_2.o(.text) for __use_no_semihosting
    usart.o(i.uart2_init) refers (Special) to use_no_semi_2.o(.text) for __use_no_semihosting
    usart.o(i.uart2_init) refers to stm32f10x_rcc.o(i.RCC_APB1PeriphClockCmd) for RCC_APB1PeriphClockCmd
    usart.o(i.uart2_init) refers to stm32f10x_rcc.o(i.RCC_APB2PeriphClockCmd) for RCC_APB2PeriphClockCmd
    usart.o(i.uart2_init) refers to stm32f10x_usart.o(i.USART_DeInit) for USART_DeInit
    usart.o(i.uart2_init) refers to stm32f10x_gpio.o(i.GPIO_Init) for GPIO_Init
    usart.o(i.uart2_init) refers to misc.o(i.NVIC_Init) for NVIC_Init
    usart.o(i.uart2_init) refers to stm32f10x_usart.o(i.USART_Init) for USART_Init
    usart.o(i.uart2_init) refers to stm32f10x_usart.o(i.USART_ITConfig) for USART_ITConfig
    usart.o(i.uart2_init) refers to stm32f10x_usart.o(i.USART_Cmd) for USART_Cmd
    usart.o(i.uart_init) refers (Special) to use_no_semi_2.o(.text) for __use_no_semihosting
    usart.o(i.uart_init) refers to stm32f10x_rcc.o(i.RCC_APB2PeriphClockCmd) for RCC_APB2PeriphClockCmd
    usart.o(i.uart_init) refers to stm32f10x_gpio.o(i.GPIO_Init) for GPIO_Init
    usart.o(i.uart_init) refers to misc.o(i.NVIC_Init) for NVIC_Init
[...]
    .ARM.Collect$$libinit$$00000023          0x0800020e   Section        0  libinit2.o(.ARM.Collect$$libinit$$00000023)
    .ARM.Collect$$libinit$$00000025          0x0800020e   Section        0  libinit2.o(.ARM.Collect$$libinit$$00000025)
    .ARM.Collect$$libinit$$0000002C          0x0800020e   Section        0  libinit2.o(.ARM.Collect$$libinit$$0000002C)
    .ARM.Collect$$libinit$$0000002E          0x0800020e   Section        0  libinit2.o(.ARM.Collect$$libinit$$0000002E)
    .ARM.Collect$$libinit$$00000030          0x0800020e   Section        0  libinit2.o(.ARM.Collect$$libinit$$00000030)
    .ARM.Collect$$libinit$$00000032          0x0800020e   Section        0  libinit2.o(.ARM.Collect$$libinit$$00000032)
    .ARM.Collect$$libinit$$00000033          0x0800020e   Section        2  libinit2.o(.ARM.Collect$$libinit$$00000033)
    .ARM.Collect$$libshutdown$$00000000      0x08000210   Section        2  libshutdown.o(.ARM.Collect$$libshutdown$$00000000)
    .ARM.Collect$$libshutdown$$00000002      0x08000212   Section        0  libshutdown2.o(.ARM.Collect$$libshutdown$$00000002)
    .ARM.Collect$$libshutdown$$00000004      0x08000212   Section        0  libshutdown2.o(.ARM.Collect$$libshutdown$$00000004)
    .ARM.Collect$$libshutdown$$00000007      0x08000212   Section        0  libshutdown2.o(.ARM.Collect$$libshutdown$$00000007)
    .ARM.Collect$$libshutdown$$0000000A      0x08000212   Section        0  libshutdown2.o(.ARM.Collect$$libshutdown$$0000000A)
    .ARM.Collect$$libshutdown$$0000000C      0x08000212   Section        0  libshutdown2.o(.ARM.Collect$$libshutdown$$0000000C)
    .ARM.Collect$$libshutdown$$0000000F      0x08000212   Section        0  libshutdown2.o(.ARM.Collect$$libshutdown$$0000000F)
    .ARM.Collect$$libshutdown$$00000010      0x08000212   Section        2  libshutdown2.o(.ARM.Collect$$libshutdown$$00000010)
    .ARM.Collect$$rtentry$$00000000          0x08000214   Section        0  __rtentry.o(.ARM.Collect$$rtentry$$00000000)
    .ARM.Collect$$rtentry$$00000002          0x08000214   Section        0  __rtentry2.o(.ARM.Collect$$rtentry$$00000002)
    .ARM.Collect$$rtentry$$00000004          0x08000214   Section        6  __rtentry4.o(.ARM.Collect$$rtentry$$00000004)
    .ARM.Collect$$rtentry$$00000009          0x0800021a   Section        0  __rtentry2.o(.ARM.Collect$$rtentry$$00000009)
    .ARM.Collect$$rtentry$$0000000A          0x0800021a   Section        4  __rtentry2.o(.ARM.Collect$$rtentry$$0000000A)
    .ARM.Collect$$rtentry$$0000000C          0x0800021e   Section        0  __rtentry2.o(.ARM.Collect$$rtentry$$0000000C)
    .ARM.Collect$$rtentry$$0000000D          0x0800021e   Section        8  __rtentry2.o(.ARM.Collect$$rtentry$$0000000D)
    .ARM.Collect$$rtexit$$00000000           0x08000226   Section        2  rtexit.o(.ARM.Collect$$rtexit$$00000000)
    .ARM.Collect$$rtexit$$00000002           0x08000228   Section        0  rtexit2.o(.ARM.Collect$$rtexit$$00000002)
    .ARM.Collect$$rtexit$$00000003           0x08000228   Section        4  rtexit2.o(.ARM.Collect$$rtexit$$00000003)
    .ARM.Collect$$rtexit$$00000004           0x0800022c   Section        6  rtexit2.o(.ARM.Collect$$rtexit$$00000004)
    .text                                    0x08000234   Section       64  startup_stm32f10x_hd.o(.text)
    .text                                    0x08000274   Section        2  use_no_semi_2.o(.text)
    .text                                    0x08000278   Section        0  noretval__2printf.o(.text)
    .text                                    0x08000290   Section        0  __printf.o(.text)
    .text                                    0x080002f8   Section        0  _printf_dec.o(.text)
    .text                                    0x08000370   Section        0  strstr.o(.text)
    .text                                    0x08000394   Section       68  rt_memclr.o(.text)
    .text                                    0x080003d8   Section        0  heapauxi.o(.text)
    .text                                    0x080003de   Section        2  use_no_semi.o(.text)
    .text                                    0x080003e0   Section        0  _printf_intcommon.o(.text)
    .text                                    0x08000492   Section        0  _printf_fp_dec.o(.text)
    _fp_digits                               0x08000495   Thumb Code   432  _printf_fp_dec.o(.text)
    .text                                    0x080008b0   Section        0  _printf_char_file.o(.text)
    .text                                    0x080008d4   Section       78  rt_memclr_w.o(.text)
    .text                                    0x08000924   Section        8  rt_locale_intlibspace.o(.text)
    .text                                    0x0800092c   Section      138  lludiv10.o(.text)
    .text                                    0x080009b8   Section        0  _printf_char_common.o(.text)
    _printf_input_char                       0x080009b9   Thumb Code    10  _printf_char_common.o(.text)
    .text                                    0x080009e8   Section        0  _printf_fp_infnan.o(.text)
    .text                                    0x08000a68   Section        0  bigflt0.o(.text)
    .text                                    0x08000b4c   Section        0  ferror.o(.text)
    .text                                    0x08000b54   Section        8  libspace.o(.text)
    .text                                    0x08000b5c   Section       74  sys_stackheap_outer.o(.text)
    .text                                    0x08000ba6   Section        0  exit.o(.text)
    .text                                    0x08000bb8   Section      128  strcmpv7m.o(.text)
    CL$$btod_d2e                             0x08000c38   Section       62  btod.o(CL$$btod_d2e)
    CL$$btod_d2e_denorm_low                  0x08000c76   Section       70  btod.o(CL$$btod_d2e_denorm_low)
    CL$$btod_d2e_norm_op1                    0x08000cbc   Section       96  btod.o(CL$$btod_d2e_norm_op1)
    CL$$btod_div_common                      0x08000d1c   Section      824  btod.o(CL$$btod_div_common)
    CL$$btod_e2e                             0x08001054   Section      220  btod.o(CL$$btod_e2e)
    CL$$btod_ediv                            0x08001130   Section       42  btod.o(CL$$btod_ediv)
    CL$$btod_emul                            0x0800115a   Section       42  btod.o(CL$$btod_emul)
    CL$$btod_mult_common                     0x08001184   Section      580  btod.o(CL$$btod_mult_common)
    i.BEEP_Init                              0x080013c8   Section        0  beep.o(i.BEEP_Init)
    i.BusFault_Handler                       0x08001400   Section        0  stm32f10x_it.o(i.BusFault_Handler)
    i.DS18B20_DQGPIOConfig                   0x08001404   Section        0  ds18b20.o(i.DS18B20_DQGPIOConfig)
    i.DS18B20_GetTemp                        0x08001430   Section        0  ds18b20.o(i.DS18B20_GetTemp)
    i.DS18B20_Init                           0x080014c0   Section        0  ds18b20.o(i.DS18B20_Init)
    i.DS18B20_ReadByte                       0x080014cc   Section        0  ds18b20.o(i.DS18B20_ReadByte)
    i.DS18B20_Rst                            0x08001534   Section        0  ds18b20.o(i.DS18B20_Rst)
    i.DS18B20_SetDQMode_IPU                  0x08001590   Section        0  ds18b20.o(i.DS18B20_SetDQMode_IPU)
    DS18B20_SetDQMode_IPU                    0x08001591   Thumb Code    26  ds18b20.o(i.DS18B20_SetDQMode_IPU)
    i.DS18B20_SetDQMode_OUT                  0x080015b0   Section        0  ds18b20.o(i.DS18B20_SetDQMode_OUT)
    DS18B20_SetDQMode_OUT                    0x080015b1   Thumb Code    32  ds18b20.o(i.DS18B20_SetDQMode_OUT)
    i.DS18B20_WriteByte                      0x080015d4   Section        0  ds18b20.o(i.DS18B20_WriteByte)
    i.DebugMon_Handler                       0x08001628   Section        0  stm32f10x_it.o(i.DebugMon_Handler)
    i.EXTI1_IRQHandler                       0x0800162c   Section        0  exti.o(i.EXTI1_IRQHandler)
    i.EXTI2_IRQHandler                       0x080016d4   Section        0  exti.o(i.EXTI2_IRQHandler)
    i.EXTI3_IRQHandler                       0x0800177c   Section        0  exti.o(i.EXTI3_IRQHandler)
    i.EXTI4_IRQHandler                       0x08001820   Section        0  exti.o(i.EXTI4_IRQHandler)
    i.EXTIX_Init                             0x080018bc   Section        0  exti.o(i.EXTIX_Init)
    i.EXTI_ClearITPendingBit                 0x0800199c   Section        0  stm32f10x_exti.o(i.EXTI_ClearITPendingBit)
    i.EXTI_Init                              0x080019a8   Section        0  stm32f10x_exti.o(i.EXTI_Init)
    i.FEN_Init                               0x08001a3c   Section        0  pwm.o(i.FEN_Init)
    i.GPIO_EXTILineConfig                    0x08001a70   Section        0  stm32f10x_gpio.o(i.GPIO_EXTILineConfig)
    i.GPIO_Init                              0x08001ab0   Section        0  stm32f10x_gpio.o(i.GPIO_Init)
    i.GPIO_PinRemapConfig                    0x08001bc8   Section        0  stm32f10x_gpio.o(i.GPIO_PinRemapConfig)
    i.GPIO_ReadInputDataBit                  0x08001c58   Section        0  stm32f10x_gpio.o(i.GPIO_ReadInputDataBit)
    i.GPIO_ResetBits                         0x08001c6a   Section        0  stm32f10x_gpio.o(i.GPIO_ResetBits)
    i.GPIO_SetBits                           0x08001c6e   Section        0  stm32f10x_gpio.o(i.GPIO_SetBits)
    i.GPIO_WriteBit                          0x08001c72   Section        0  stm32f10x_gpio.o(i.GPIO_WriteBit)
    i.HardFault_Handler                      0x08001c7c   Section        0  stm32f10x_it.o(i.HardFault_Handler)
    i.KEY_Init                               0x08001c80   Section        0  key.o(i.KEY_Init)
    i.LED_Init                               0x08001ca4   Section        0  led.o(i.LED_Init)
    i.MOTOR_Init                             0x08001cf0   Section        0  motor.o(i.MOTOR_Init)
    i.MemManage_Handler                      0x08001d40   Section        0  stm32f10x_it.o(i.MemManage_Handler)
    i.NMI_Handler                            0x08001d44   Section        0  stm32f10x_it.o(i.NMI_Handler)
    i.NVIC_Init                              0x08001d48   Section        0  misc.o(i.NVIC_Init)
    i.NVIC_PriorityGroupConfig               0x08001db8   Section        0  misc.o(i.NVIC_PriorityGroupConfig)
    i.Net_Things_Init                        0x08001dcc   Section        0  net_things.o(i.Net_Things_Init)
    i.PendSV_Handler                         0x08001f18   Section        0  stm32f10x_it.o(i.PendSV_Handler)
    i.Property_Post                          0x08001f1c   Section        0  net_things.o(i.Property_Post)
    i.Property_Post2                         0x08002094   Section        0  net_things.o(i.Property_Post2)
    i.PubTopicinfo2                          0x080021dc   Section        0  net_things.o(i.PubTopicinfo2)
    i.RCC_APB1PeriphClockCmd                 0x08002400   Section        0  stm32f10x_rcc.o(i.RCC_APB1PeriphClockCmd)
    i.RCC_APB1PeriphResetCmd                 0x08002420   Section        0  stm32f10x_rcc.o(i.RCC_APB1PeriphResetCmd)
    i.RCC_APB2PeriphClockCmd                 0x08002440   Section        0  stm32f10x_rcc.o(i.RCC_APB2PeriphClockCmd)
    i.RCC_APB2PeriphResetCmd                 0x08002460   Section        0  stm32f10x_rcc.o(i.RCC_APB2PeriphResetCmd)
    i.RCC_GetClocksFreq                      0x08002480   Section        0  stm32f10x_rcc.o(i.RCC_GetClocksFreq)
    i.SVC_Handler                            0x08002554   Section        0  stm32f10x_it.o(i.SVC_Handler)
    i.SetSysClock                            0x08002556   Section        0  system_stm32f10x.o(i.SetSysClock)
    SetSysClock                              0x08002557   Thumb Code     8  system_stm32f10x.o(i.SetSysClock)
    i.SetSysClockTo72                        0x08002560   Section        0  system_stm32f10x.o(i.SetSysClockTo72)
    SetSysClockTo72                          0x08002561   Thumb Code   214  system_stm32f10x.o(i.SetSysClockTo72)
    i.SysTick_CLKSourceConfig                0x08002640   Section        0  misc.o(i.SysTick_CLKSourceConfig)
    i.SysTick_Handler                        0x08002668   Section        0  stm32f10x_it.o(i.SysTick_Handler)
    i.SystemInit                             0x0800266c   Section        0  system_stm32f10x.o(i.SystemInit)
    i.TEMP_Init                              0x080026cc   Section        0  temp.o(i.TEMP_Init)
    i.TIM3_PWM_Init                          0x0800271c   Section        0  pwm.o(i.TIM3_PWM_Init)
    i.TIM4_IRQHandler                        0x080027ac   Section        0  tim.o(i.TIM4_IRQHandler)
    i.TIM4_Init                              0x08002810   Section        0  tim.o(i.TIM4_Init)
    i.TIM_ClearITPendingBit                  0x08002878   Section        0  stm32f10x_tim.o(i.TIM_ClearITPendingBit)
    i.TIM_Cmd                                0x0800287e   Section        0  stm32f10x_tim.o(i.TIM_Cmd)
    i.TIM_GetITStatus                        0x08002896   Section        0  stm32f10x_tim.o(i.TIM_GetITStatus)
    i.TIM_ITConfig                           0x080028b8   Section        0  stm32f10x_tim.o(i.TIM_ITConfig)
    i.TIM_OC2Init                            0x080028cc   Section        0  stm32f10x_tim.o(i.TIM_OC2Init)
    i.TIM_OC2PreloadConfig                   0x08002970   Section        0  stm32f10x_tim.o(i.TIM_OC2PreloadConfig)
    i.TIM_TimeBaseInit                       0x0800298c   Section        0  stm32f10x_tim.o(i.TIM_TimeBaseInit)
    i.USART1_IRQHandler                      0x08002a30   Section        0  usart.o(i.USART1_IRQHandler)
    i.USART2_IRQHandler                      0x08002abc   Section        0  usart.o(i.USART2_IRQHandler)
    i.USART_Cmd                              0x08002b6c   Section        0  stm32f10x_usart.o(i.USART_Cmd)
    i.USART_DeInit                           0x08002b84   Section        0  stm32f10x_usart.o(i.USART_DeInit)
    i.USART_GetFlagStatus                    0x08002c20   Section        0  stm32f10x_usart.o(i.USART_GetFlagStatus)
    i.USART_GetITStatus                      0x08002c3a   Section        0  stm32f10x_usart.o(i.USART_GetITStatus)
    i.USART_ITConfig                         0x08002c8e   Section        0  stm32f10x_usart.o(i.USART_ITConfig)
    i.USART_Init                             0x08002cd8   Section        0  stm32f10x_usart.o(i.USART_Init)
    i.USART_ReceiveData                      0x08002db0   Section        0  stm32f10x_usart.o(i.USART_ReceiveData)
    i.USART_SendData                         0x08002dba   Section        0  stm32f10x_usart.o(i.USART_SendData)
    i.UnConnect                              0x08002dc4   Section        0  net_things.o(i.UnConnect)
    i.UsageFault_Handler                     0x08002e3c   Section        0  stm32f10x_it.o(i.UsageFault_Handler)
    i.Usart_SendString                       0x08002e40   Section        0  usart.o(i.Usart_SendString)
    i.__ARM_fpclassify                       0x08002eb8   Section        0  fpclassify.o(i.__ARM_fpclassify)
    i._sys_exit                              0x08002ee0   Section        0  usart.o(i._sys_exit)
    i.delay_init                             0x08002ee4   Section        0  delay.o(i.delay_init)
    i.delay_ms                               0x08002f28   Section        0  delay.o(i.delay_ms)
    i.delay_us                               0x08002f74   Section        0  delay.o(i.delay_us)
    i.fputc                                  0x08002fc0   Section        0  usart.o(i.fputc)
    i.fuc_DIRECTORY                          0x08002fdc   Section        0  task.o(i.fuc_DIRECTORY)
    i.fuc_EX                                 0x080031fc   Section        0  task.o(i.fuc_EX)
    i.fuc_HAIR                               0x080032e8   Section        0  task.o(i.fuc_HAIR)
    i.fuc_OVER                               0x08003358   Section        0  task.o(i.fuc_OVER)
    i.fuc_SEND_DATA                          0x080033ac   Section        0  task.o(i.fuc_SEND_DATA)
    i.fuc_TASK                               0x080033cc   Section        0  task.o(i.fuc_TASK)
    i.fuc_TEST_TEMP                          0x080034ac   Section        0  task.o(i.fuc_TEST_TEMP)
    i.fuc_WASH1                              0x080035b0   Section        0  task.o(i.fuc_WASH1)
    i.fuc_WASH2                              0x080035f8   Section        0  task.o(i.fuc_WASH2)
    i.fuc_WASH3                              0x08003640   Section        0  task.o(i.fuc_WASH3)
    i.fuc_init                               0x08003688   Section        0  task.o(i.fuc_init)
    i.fuc_temp                               0x08003740   Section        0  task.o(i.fuc_temp)
    i.main                                   0x08003770   Section        0  main.o(i.main)
    i.platform_data_handle                   0x080037c4   Section        0  task.o(i.platform_data_handle)
    i.uart2_init                             0x08003924   Section        0  usart.o(i.uart2_init)
    i.uart_init                              0x080039d0   Section        0  usart.o(i.uart_init)
    locale$$code                             0x08003a74   Section       44  lc_numeric_c.o(locale$$code)
    x$fpl$d2f                                0x08003aa0   Section       98  d2f.o(x$fpl$d2f)
    x$fpl$dadd                               0x08003b04   Section      336  daddsub_clz.o(x$fpl$dadd)
    _dadd1                                   0x08003b15   Thumb Code     0  daddsub_clz.o(x$fpl$dadd)
    x$fpl$dcmpinf                            0x08003c54   Section       24  dcmpi.o(x$fpl$dcmpinf)
    x$fpl$dflt                               0x08003c6c   Section       46  dflt_clz.o(x$fpl$dflt)
    x$fpl$dleqf                              0x08003c9c   Section      120  dleqf.o(x$fpl$dleqf)
    x$fpl$dmul                               0x08003d14   Section      340  dmul.o(x$fpl$dmul)
    x$fpl$dnaninf                            0x08003e68   Section      156  dnaninf.o(x$fpl$dnaninf)
    x$fpl$dretinf                            0x08003f04   Section       12  dretinf.o(x$fpl$dretinf)
    x$fpl$drleqf                             0x08003f10   Section      108  drleqf.o(x$fpl$drleqf)
    x$fpl$dsub                               0x08003f7c   Section      468  daddsub_clz.o(x$fpl$dsub)
    _dsub1                                   0x08003f8d   Thumb Code     0  daddsub_clz.o(x$fpl$dsub)
    x$fpl$f2d                                0x08004150   Section       86  f2d.o(x$fpl$f2d)
    x$fpl$fcmpinf                            0x080041a6   Section       24  fcmpi.o(x$fpl$fcmpinf)
    x$fpl$ffixu                              0x080041c0   Section       62  ffixu.o(x$fpl$ffixu)
    x$fpl$fflt                               0x08004200   Section       48  fflt_clz.o(x$fpl$fflt)
    x$fpl$fleqf                              0x08004230   Section      104  fleqf.o(x$fpl$fleqf)
    x$fpl$fnaninf                            0x08004298   Section      140  fnaninf.o(x$fpl$fnaninf)
    x$fpl$fretinf                            0x08004324   Section       10  fretinf.o(x$fpl$fretinf)
    x$fpl$frleqf                             0x0800432e   Section       98  frleqf.o(x$fpl$frleqf)
    x$fpl$printf1                            0x08004390   Section        4  printf1.o(x$fpl$printf1)
    .constdata                               0x08004394   Section      148  bigflt0.o(.constdata)
    x$fpl$usenofp                            0x08004394   Section        0  usenofp.o(x$fpl$usenofp)
    tenpwrs_x                                0x08004394   Data          60  bigflt0.o(.constdata)
    tenpwrs_i                                0x080043d0   Data          64  bigflt0.o(.constdata)
    locale$$data                             0x08004448   Section       28  lc_numeric_c.o(locale$$data)
    __lcnum_c_name                           0x0800444c   Data           2  lc_numeric_c.o(locale$$data)
    __lcnum_c_start                          0x08004454   Data           0  lc_numeric_c.o(locale$$data)
    __lcnum_c_point                          0x08004460   Data           0  lc_numeric_c.o(locale$$data)
    __lcnum_c_thousands                      0x08004462   Data           0  lc_numeric_c.o(locale$$data)
    __lcnum_c_grouping                       0x08004463   Data           0  lc_numeric_c.o(locale$$data)
    __lcnum_c_end                            0x08004464   Data           0  lc_numeric_c.o(locale$$data)
    .data                                    0x20000000   Section       20  system_stm32f10x.o(.data)
    .data                                    0x20000014   Section        4  delay.o(.data)
    fac_us                                   0x20000014   Data           1  delay.o(.data)
    fac_ms                                   0x20000016   Data           2  delay.o(.data)
    .data                                    0x20000018   Section       36  usart.o(.data)
    .data                                    0x2000003c   Section       20  stm32f10x_rcc.o(.data)
    APBAHBPrescTable                         0x2000003c   Data          16  stm32f10x_rcc.o(.data)
    ADCPrescTable                            0x2000004c   Data           4  stm32f10x_rcc.o(.data)
    .data                                    0x20000050   Section        4  exti.o(.data)
    .data                                    0x20000054   Section      792  net_things.o(.data)
    .data                                    0x2000036c   Section       80  task.o(.data)
    .data                                    0x200003bc   Section        8  tim.o(.data)
    .bss                                     0x200003c4   Section      800  usart.o(.bss)
    .bss                                     0x200006e4   Section       96  libspace.o(.bss)
    HEAP                                     0x20000748   Section      512  startup_stm32f10x_hd.o(HEAP)
    Heap_Mem                                 0x20000748   Data         512  startup_stm32f10x_hd.o(HEAP)
    STACK                                    0x20000948   Section     1024  startup_stm32f10x_hd.o(STACK)
    Stack_Mem                                0x20000948   Data        1024  startup_stm32f10x_hd.o(STACK)
    __initial_sp                             0x20000d48   Data           0  startup_stm32f10x_hd.o(STACK)

    Global Symbols

    Symbol Name                              Value     Ov Type        Size  Object(Section)

    BuildAttributes$$THM_ISAv4$P$D$K$B$S$PE$A:L22UL41UL21$X:L11$S22US41US21$IEEE1$IW$USESV6$~STKCKD$USESV7$~SHL$OTIME$ROPI$IEEEJ$EBA8$UX$STANDARDLIB$REQ8$PRES8$EABIv2 0x00000000   Number         0  anon$$obj.o ABSOLUTE
    __ARM_use_no_argv                        0x00000000   Number         0  main.o ABSOLUTE
    __ARM_exceptions_init                     - Undefined Weak Reference
    __alloca_initialize                       - Undefined Weak Reference
    __arm_preinit_                            - Undefined Weak Reference
    __cpp_initialize__aeabi_                  - Undefined Weak Reference
    __cxa_finalize                            - Undefined Weak Reference
    __sigvec_lookup                           - Undefined Weak Reference
    _atexit_init                              - Undefined Weak Reference
    _call_atexit_fns                          - Undefined Weak Reference
    _clock_init                               - Undefined Weak Reference
    _fp_trap_init                             - Undefined Weak Reference
    _fp_trap_shutdown                         - Undefined Weak Reference
    _get_lc_collate                           - Undefined Weak Reference
    _get_lc_ctype                             - Undefined Weak Reference
    _get_lc_monetary                          - Undefined Weak Reference
    _get_lc_time                              - Undefined Weak Reference
    _getenv_init                              - Undefined Weak Reference
    _handle_redirection                       - Undefined Weak Reference
    _init_alloc                               - Undefined Weak Reference
    _init_user_alloc                          - Undefined Weak Reference
    _initio                                   - Undefined Weak Reference
    _mutex_acquire                            - Undefined Weak Reference
    _mutex_release                            - Undefined Weak Reference
    _printf_post_padding                      - Undefined Weak Reference
    _printf_pre_padding                       - Undefined Weak Reference
    _printf_truncate_signed                   - Undefined Weak Reference
    _printf_truncate_unsigned                 - Undefined Weak Reference
    _rand_init                                - Undefined Weak Reference
    _signal_finish                            - Undefined Weak Reference
    _signal_init                              - Undefined Weak Reference
    _terminate_alloc                          - Undefined Weak Reference
    _terminate_user_alloc                     - Undefined Weak Reference
    _terminateio                              - Undefined Weak Reference
    __Vectors_Size                           0x00000130   Number         0  startup_stm32f10x_hd.o ABSOLUTE
    __Vectors                                0x08000000   Data           4  startup_stm32f10x_hd.o(RESET)
    __Vectors_End                            0x08000130   Data           0  startup_stm32f10x_hd.o(RESET)
    __main                                   0x08000131   Thumb Code     8  __main.o(!!!main)
    __scatterload                            0x08000139   Thumb Code     0  __scatter.o(!!!scatter)
    __scatterload_rt2                        0x08000139   Thumb Code    44  __scatter.o(!!!scatter)
    __scatterload_rt2_thumb_only             0x08000139   Thumb Code     0  __scatter.o(!!!scatter)
    __scatterload_null                       0x08000147   Thumb Code     0  __scatter.o(!!!scatter)
    __decompress                             0x0800016d   Thumb Code   100  __dclz77c.o(!!dclz77c)
    __decompress2                            0x0800016d   Thumb Code     0  __dclz77c.o(!!dclz77c)
    __scatterload_zeroinit                   0x080001d1   Thumb Code    28  __scatter_zi.o(!!handler_zi)
    _printf_f                                0x080001ed   Thumb Code     0  _printf_f.o(.ARM.Collect$$_printf_percent$$00000003)
    _printf_percent                          0x080001ed   Thumb Code     0  _printf_percent.o(.ARM.Collect$$_printf_percent$$00000000)
    _printf_d                                0x080001f3   Thumb Code     0  _printf_d.o(.ARM.Collect$$_printf_percent$$00000009)
    _printf_percent_end                      0x080001f9   Thumb Code     0  _printf_percent_end.o(.ARM.Collect$$_printf_percent$$00000017)
    __rt_lib_init                            0x080001fd   Thumb Code     0  libinit.o(.ARM.Collect$$libinit$$00000000)
    __rt_lib_init_fp_1                       0x080001ff   Thumb Code     0  libinit2.o(.ARM.Collect$$libinit$$00000002)
    __rt_lib_init_heap_1                     0x080001ff   Thumb Code     0  libinit2.o(.ARM.Collect$$libinit$$0000000A)
    __rt_lib_init_lc_common                  0x080001ff   Thumb Code     0  libinit2.o(.ARM.Collect$$libinit$$0000000F)
    __rt_lib_init_preinit_1                  0x080001ff   Thumb Code     0  libinit2.o(.ARM.Collect$$libinit$$00000004)
    __rt_lib_init_rand_1                     0x080001ff   Thumb Code     0  libinit2.o(.ARM.Collect$$libinit$$0000000E)
    __rt_lib_init_user_alloc_1               0x080001ff   Thumb Code     0  libinit2.o(.ARM.Collect$$libinit$$0000000C)
    __rt_lib_init_lc_collate_1               0x08000205   Thumb Code     0  libinit2.o(.ARM.Collect$$libinit$$00000011)
    __rt_lib_init_lc_ctype_1                 0x08000205   Thumb Code     0  libinit2.o(.ARM.Collect$$libinit$$00000013)
    __rt_lib_init_lc_monetary_1              0x08000205   Thumb Code     0  libinit2.o(.ARM.Collect$$libinit$$00000015)
    __rt_lib_init_lc_numeric_2               0x08000205   Thumb Code     0  libinit2.o(.ARM.Collect$$libinit$$00000016)
    __rt_lib_init_alloca_1                   0x0800020f   Thumb Code     0  libinit2.o(.ARM.Collect$$libinit$$0000002E)
    __rt_lib_init_argv_1                     0x0800020f   Thumb Code     0  libinit2.o(.ARM.Collect$$libinit$$0000002C)
    __rt_lib_init_atexit_1                   0x0800020f   Thumb Code     0  libinit2.o(.ARM.Collect$$libinit$$0000001B)
    __rt_lib_init_clock_1                    0x0800020f   Thumb Code     0  libinit2.o(.ARM.Collect$$libinit$$00000021)
    __rt_lib_init_cpp_1                      0x0800020f   Thumb Code     0  libinit2.o(.ARM.Collect$$libinit$$00000032)
    __rt_lib_init_exceptions_1               0x0800020f   Thumb Code     0  libinit2.o(.ARM.Collect$$libinit$$00000030)
    __rt_lib_init_fp_trap_1                  0x0800020f   Thumb Code     0  libinit2.o(.ARM.Collect$$libinit$$0000001F)
    __rt_lib_init_getenv_1                   0x0800020f   Thumb Code     0  libinit2.o(.ARM.Collect$$libinit$$00000023)
    __rt_lib_init_lc_numeric_1               0x0800020f   Thumb Code     0  libinit2.o(.ARM.Collect$$libinit$$00000017)
    __rt_lib_init_lc_time_1                  0x0800020f   Thumb Code     0  libinit2.o(.ARM.Collect$$libinit$$00000019)
    __rt_lib_init_return                     0x0800020f   Thumb Code     0  libinit2.o(.ARM.Collect$$libinit$$00000033)
    __rt_lib_init_signal_1                   0x0800020f   Thumb Code     0  libinit2.o(.ARM.Collect$$libinit$$0000001D)
    __rt_lib_init_stdio_1                    0x0800020f   Thumb Code     0  libinit2.o(.ARM.Collect$$libinit$$00000025)
    __rt_lib_shutdown                        0x08000211   Thumb Code     0  libshutdown.o(.ARM.Collect$$libshutdown$$00000000)
    __rt_lib_shutdown_cpp_1                  0x08000213   Thumb Code     0  libshutdown2.o(.ARM.Collect$$libshutdown$$00000002)
    __rt_lib_shutdown_fp_trap_1              0x08000213   Thumb Code     0  libshutdown2.o(.ARM.Collect$$libshutdown$$00000007)
    __rt_lib_shutdown_heap_1                 0x08000213   Thumb Code     0  libshutdown2.o(.ARM.Collect$$libshutdown$$0000000F)
    __rt_lib_shutdown_return                 0x08000213   Thumb Code     0  libshutdown2.o(.ARM.Collect$$libshutdown$$00000010)
    __rt_lib_shutdown_signal_1               0x08000213   Thumb Code     0  libshutdown2.o(.ARM.Collect$$libshutdown$$0000000A)
    __rt_lib_shutdown_stdio_1                0x08000213   Thumb Code     0  libshutdown2.o(.ARM.Collect$$libshutdown$$00000004)
    __rt_lib_shutdown_user_alloc_1           0x08000213   Thumb Code     0  libshutdown2.o(.ARM.Collect$$libshutdown$$0000000C)
    __rt_entry                               0x08000215   Thumb Code     0  __rtentry.o(.ARM.Collect$$rtentry$$00000000)
    __rt_entry_presh_1                       0x08000215   Thumb Code     0  __rtentry2.o(.ARM.Collect$$rtentry$$00000002)
    __rt_entry_sh                            0x08000215   Thumb Code     0  __rtentry4.o(.ARM.Collect$$rtentry$$00000004)
    __rt_entry_li                            0x0800021b   Thumb Code     0  __rtentry2.o(.ARM.Collect$$rtentry$$0000000A)
    __rt_entry_postsh_1                      0x0800021b   Thumb Code     0  __rtentry2.o(.ARM.Collect$$rtentry$$00000009)
    __rt_entry_main                          0x0800021f   Thumb Code     0  __rtentry2.o(.ARM.Collect$$rtentry$$0000000D)
    __rt_entry_postli_1                      0x0800021f   Thumb Code     0  __rtentry2.o(.ARM.Collect$$rtentry$$0000000C)
    __rt_exit                                0x08000227   Thumb Code     0  rtexit.o(.ARM.Collect$$rtexit$$00000000)
    __rt_exit_ls                             0x08000229   Thumb Code     0  rtexit2.o(.ARM.Collect$$rtexit$$00000003)
    __rt_exit_prels_1                        0x08000229   Thumb Code     0  rtexit2.o(.ARM.Collect$$rtexit$$00000002)
    __rt_exit_exit                           0x0800022d   Thumb Code     0  rtexit2.o(.ARM.Collect$$rtexit$$00000004)
    Reset_Handler                            0x08000235   Thumb Code     8  startup_stm32f10x_hd.o(.text)
    ADC1_2_IRQHandler                        0x0800024f   Thumb Code     0  startup_stm32f10x_hd.o(.text)
    ADC3_IRQHandler                          0x0800024f   Thumb Code     0  startup_stm32f10x_hd.o(.text)
    CAN1_RX1_IRQHandler                      0x0800024f   Thumb Code     0  startup_stm32f10x_hd.o(.text)
    CAN1_SCE_IRQHandler                      0x0800024f   Thumb Code     0  startup_stm32f10x_hd.o(.text)
    DMA1_Channel1_IRQHandler                 0x0800024f   Thumb Code     0  startup_stm32f10x_hd.o(.text)
    DMA1_Channel2_IRQHandler                 0x0800024f   Thumb Code     0  startup_stm32f10x_hd.o(.text)
    DMA1_Channel3_IRQHandler                 0x0800024f   Thumb Code     0  startup_stm32f10x_hd.o(.text)
    DMA1_Channel4_IRQHandler                 0x0800024f   Thumb Code     0  startup_stm32f10x_hd.o(.text)
    DMA1_Channel5_IRQHandler                 0x0800024f   Thumb Code     0  startup_stm32f10x_hd.o(.text)
    DMA1_Channel6_IRQHandler                 0x0800024f   Thumb Code     0  startup_stm32f10x_hd.o(.text)
    DMA1_Channel7_IRQHandler                 0x0800024f   Thumb Code     0  startup_stm32f10x_hd.o(.text)
    DMA2_Channel1_IRQHandler                 0x0800024f   Thumb Code     0  startup_stm32f10x_hd.o(.text)
    DMA2_Channel2_IRQHandler                 0x0800024f   Thumb Code     0  startup_stm32f10x_hd.o(.text)
    DMA2_Channel3_IRQHandler                 0x0800024f   Thumb Code     0  startup_stm32f10x_hd.o(.text)
    DMA2_Channel4_5_IRQHandler               0x0800024f   Thumb Code     0  startup_stm32f10x_hd.o(.text)
    EXTI0_IRQHandler                         0x0800024f   Thumb Code     0  startup_stm32f10x_hd.o(.text)
    EXTI15_10_IRQHandler                     0x0800024f   Thumb Code     0  startup_stm32f10x_hd.o(.text)
    EXTI9_5_IRQHandler                       0x0800024f   Thumb Code     0  startup_stm32f10x_hd.o(.text)
    FLASH_IRQHandler                         0x0800024f   Thumb Code     0  startup_stm32f10x_hd.o(.text)
    FSMC_IRQHandler                          0x0800024f   Thumb Code     0  startup_stm32f10x_hd.o(.text)
    I2C1_ER_IRQHandler                       0x0800024f   Thumb Code     0  startup_stm32f10x_hd.o(.text)
    I2C1_EV_IRQHandler                       0x0800024f   Thumb Code     0  startup_stm32f10x_hd.o(.text)
    I2C2_ER_IRQHandler                       0x0800024f   Thumb Code     0  startup_stm32f10x_hd.o(.text)
    I2C2_EV_IRQHandler                       0x0800024f   Thumb Code     0  startup_stm32f10x_hd.o(.text)
    PVD_IRQHandler                           0x0800024f   Thumb Code     0  startup_stm32f10x_hd.o(.text)
    RCC_IRQHandler                           0x0800024f   Thumb Code     0  startup_stm32f10x_hd.o(.text)
    RTCAlarm_IRQHandler                      0x0800024f   Thumb Code     0  startup_stm32f10x_hd.o(.text)
    RTC_IRQHandler                           0x0800024f   Thumb Code     0  startup_stm32f10x_hd.o(.text)
    SDIO_IRQHandler                          0x0800024f   Thumb Code     0  startup_stm32f10x_hd.o(.text)
    SPI1_IRQHandler                          0x0800024f   Thumb Code     0  startup_stm32f10x_hd.o(.text)
    SPI2_IRQHandler                          0x0800024f   Thumb Code     0  startup_stm32f10x_hd.o(.text)
    SPI3_IRQHandler                          0x0800024f   Thumb Code     0  startup_stm32f10x_hd.o(.text)
    TAMPER_IRQHandler                        0x0800024f   Thumb Code     0  startup_stm32f10x_hd.o(.text)
    TIM1_BRK_IRQHandler                      0x0800024f   Thumb Code     0  startup_stm32f10x_hd.o(.text)
    TIM1_CC_IRQHandler                       0x0800024f   Thumb Code     0  startup_stm32f10x_hd.o(.text)
    TIM1_TRG_COM_IRQHandler                  0x0800024f   Thumb Code     0  startup_stm32f10x_hd.o(.text)
    TIM1_UP_IRQHandler                       0x0800024f   Thumb Code     0  startup_stm32f10x_hd.o(.text)
    TIM2_IRQHandler                          0x0800024f   Thumb Code     0  startup_stm32f10x_hd.o(.text)
    TIM3_IRQHandler                          0x0800024f   Thumb Code     0  startup_stm32f10x_hd.o(.text)
    TIM5_IRQHandler                          0x0800024f   Thumb Code     0  startup_stm32f10x_hd.o(.text)
    TIM6_IRQHandler                          0x0800024f   Thumb Code     0  startup_stm32f10x_hd.o(.text)
    TIM7_IRQHandler                          0x0800024f   Thumb Code     0  startup_stm32f10x_hd.o(.text)
    TIM8_BRK_IRQHandler                      0x0800024f   Thumb Code     0  startup_stm32f10x_hd.o(.text)
    TIM8_CC_IRQHandler                       0x0800024f   Thumb Code     0  startup_stm32f10x_hd.o(.text)
    TIM8_TRG_COM_IRQHandler                  0x0800024f   Thumb Code     0  startup_stm32f10x_hd.o(.text)
    TIM8_UP_IRQHandler                       0x0800024f   Thumb Code     0  startup_stm32f10x_hd.o(.text)
    UART4_IRQHandler                         0x0800024f   Thumb Code     0  startup_stm32f10x_hd.o(.text)
    UART5_IRQHandler                         0x0800024f   Thumb Code     0  startup_stm32f10x_hd.o(.text)
    USART3_IRQHandler                        0x0800024f   Thumb Code     0  startup_stm32f10x_hd.o(.text)
    USBWakeUp_IRQHandler                     0x0800024f   Thumb Code     0  startup_stm32f10x_hd.o(.text)
    USB_HP_CAN1_TX_IRQHandler                0x0800024f   Thumb Code     0  startup_stm32f10x_hd.o(.text)
    USB_LP_CAN1_RX0_IRQHandler               0x0800024f   Thumb Code     0  startup_stm32f10x_hd.o(.text)
    WWDG_IRQHandler                          0x0800024f   Thumb Code     0  startup_stm32f10x_hd.o(.text)
    __user_initial_stackheap                 0x08000251   Thumb Code     0  startup_stm32f10x_hd.o(.text)
    __use_no_semihosting                     0x08000275   Thumb Code     2  use_no_semi_2.o(.text)
    __2printf                                0x08000279   Thumb Code    20  noretval__2printf.o(.text)
    __printf                                 0x08000291   Thumb Code   104  __printf.o(.text)
    _printf_int_dec                          0x080002f9   Thumb Code   104  _printf_dec.o(.text)
    strstr                                   0x08000371   Thumb Code    36  strstr.o(.text)
    __aeabi_memclr                           0x08000395   Thumb Code     0  rt_memclr.o(.text)
    __rt_memclr                              0x08000395   Thumb Code    68  rt_memclr.o(.text)
    _memset                                  0x08000399   Thumb Code     0  rt_memclr.o(.text)
    __use_two_region_memory                  0x080003d9   Thumb Code     2  heapauxi.o(.text)
    __rt_heap_escrow$2region                 0x080003db   Thumb Code     2  heapauxi.o(.text)
    __rt_heap_expand$2region                 0x080003dd   Thumb Code     2  heapauxi.o(.text)
    __I$use$semihosting                      0x080003df   Thumb Code     0  use_no_semi.o(.text)
    __use_no_semihosting_swi                 0x080003df   Thumb Code     2  use_no_semi.o(.text)
    _printf_int_common                       0x080003e1   Thumb Code   178  _printf_intcommon.o(.text)
    __lib_sel_fp_printf                      0x08000493   Thumb Code     2  _printf_fp_dec.o(.text)
    _printf_fp_dec_real                      0x08000645   Thumb Code   620  _printf_fp_dec.o(.text)
    _printf_char_file                        0x080008b1   Thumb Code    32  _printf_char_file.o(.text)
    __aeabi_memclr4                          0x080008d5   Thumb Code     0  rt_memclr_w.o(.text)
    __aeabi_memclr8                          0x080008d5   Thumb Code     0  rt_memclr_w.o(.text)
    __rt_memclr_w                            0x080008d5   Thumb Code    78  rt_memclr_w.o(.text)
    _memset_w                                0x080008d9   Thumb Code     0  rt_memclr_w.o(.text)
    __rt_locale                              0x08000925   Thumb Code     8  rt_locale_intlibspace.o(.text)
    _ll_udiv10                               0x0800092d   Thumb Code   138  lludiv10.o(.text)
    _printf_char_common                      0x080009c3   Thumb Code    32  _printf_char_common.o(.text)
    _printf_fp_infnan                        0x080009e9   Thumb Code   112  _printf_fp_infnan.o(.text)
    _btod_etento                             0x08000a69   Thumb Code   224  bigflt0.o(.text)
    ferror                                   0x08000b4d   Thumb Code     8  ferror.o(.text)
    __user_libspace                          0x08000b55   Thumb Code     8  libspace.o(.text)
    __user_perproc_libspace                  0x08000b55   Thumb Code     0  libspace.o(.text)
    __user_perthread_libspace                0x08000b55   Thumb Code     0  libspace.o(.text)
    __user_setup_stackheap                   0x08000b5d   Thumb Code    74  sys_stackheap_outer.o(.text)
    exit                                     0x08000ba7   Thumb Code    18  exit.o(.text)
    strcmp                                   0x08000bb9   Thumb Code   128  strcmpv7m.o(.text)
    _btod_d2e                                0x08000c39   Thumb Code    62  btod.o(CL$$btod_d2e)
    _d2e_denorm_low                          0x08000c77   Thumb Code    70  btod.o(CL$$btod_d2e_denorm_low)
    _d2e_norm_op1                            0x08000cbd   Thumb Code    96  btod.o(CL$$btod_d2e_norm_op1)
    __btod_div_common                        0x08000d1d   Thumb Code   696  btod.o(CL$$btod_div_common)
    _e2e                                     0x08001055   Thumb Code   220  btod.o(CL$$btod_e2e)
    _btod_ediv                               0x08001131   Thumb Code    42  btod.o(CL$$btod_ediv)
    _btod_emul                               0x0800115b   Thumb Code    42  btod.o(CL$$btod_emul)
    __btod_mult_common                       0x08001185   Thumb Code   580  btod.o(CL$$btod_mult_common)
    BEEP_Init                                0x080013c9   Thumb Code    50  beep.o(i.BEEP_Init)
    BusFault_Handler                         0x08001401   Thumb Code     4  stm32f10x_it.o(i.BusFault_Handler)
    DS18B20_DQGPIOConfig                     0x08001405   Thumb Code    40  ds18b20.o(i.DS18B20_DQGPIOConfig)
    DS18B20_GetTemp                          0x08001431   Thumb Code   138  ds18b20.o(i.DS18B20_GetTemp)
    DS18B20_Init                             0x080014c1   Thumb Code    12  ds18b20.o(i.DS18B20_Init)
    DS18B20_ReadByte                         0x080014cd   Thumb Code    98  ds18b20.o(i.DS18B20_ReadByte)
    DS18B20_Rst                              0x08001535   Thumb Code    86  ds18b20.o(i.DS18B20_Rst)
    DS18B20_WriteByte                        0x080015d5   Thumb Code    80  ds18b20.o(i.DS18B20_WriteByte)
    DebugMon_Handler                         0x08001629   Thumb Code     2  stm32f10x_it.o(i.DebugMon_Handler)
    EXTI1_IRQHandler                         0x0800162d   Thumb Code   136  exti.o(i.EXTI1_IRQHandler)
    EXTI2_IRQHandler                         0x080016d5   Thumb Code   142  exti.o(i.EXTI2_IRQHandler)
    EXTI3_IRQHandler                         0x0800177d   Thumb Code   120  exti.o(i.EXTI3_IRQHandler)
    EXTI4_IRQHandler                         0x08001821   Thumb Code   118  exti.o(i.EXTI4_IRQHandler)
    EXTIX_Init                               0x080018bd   Thumb Code   222  exti.o(i.EXTIX_Init)
    EXTI_ClearITPendingBit                   0x0800199d   Thumb Code     6  stm32f10x_exti.o(i.EXTI_ClearITPendingBit)
    EXTI_Init                                0x080019a9   Thumb Code   142  stm32f10x_exti.o(i.EXTI_Init)
    FEN_Init                                 0x08001a3d   Thumb Code    46  pwm.o(i.FEN_Init)
    GPIO_EXTILineConfig                      0x08001a71   Thumb Code    60  stm32f10x_gpio.o(i.GPIO_EXTILineConfig)
    GPIO_Init                                0x08001ab1   Thumb Code   278  stm32f10x_gpio.o(i.GPIO_Init)
    GPIO_PinRemapConfig                      0x08001bc9   Thumb Code   138  stm32f10x_gpio.o(i.GPIO_PinRemapConfig)
    GPIO_ReadInputDataBit                    0x08001c59   Thumb Code    18  stm32f10x_gpio.o(i.GPIO_ReadInputDataBit)
    GPIO_ResetBits                           0x08001c6b   Thumb Code     4  stm32f10x_gpio.o(i.GPIO_ResetBits)
    GPIO_SetBits                             0x08001c6f   Thumb Code     4  stm32f10x_gpio.o(i.GPIO_SetBits)
    GPIO_WriteBit                            0x08001c73   Thumb Code    10  stm32f10x_gpio.o(i.GPIO_WriteBit)
    HardFault_Handler                        0x08001c7d   Thumb Code     4  stm32f10x_it.o(i.HardFault_Handler)
    KEY_Init                                 0x08001c81   Thumb Code    32  key.o(i.KEY_Init)
    LED_Init                                 0x08001ca5   Thumb Code    68  led.o(i.LED_Init)
    MOTOR_Init                               0x08001cf1   Thumb Code    76  motor.o(i.MOTOR_Init)
    MemManage_Handler                        0x08001d41   Thumb Code     4  stm32f10x_it.o(i.MemManage_Handler)
    NMI_Handler                              0x08001d45   Thumb Code     2  stm32f10x_it.o(i.NMI_Handler)
    NVIC_Init                                0x08001d49   Thumb Code   100  misc.o(i.NVIC_Init)
    NVIC_PriorityGroupConfig                 0x08001db9   Thumb Code    10  misc.o(i.NVIC_PriorityGroupConfig)
    Net_Things_Init                          0x08001dcd   Thumb Code   298  net_things.o(i.Net_Things_Init)
    PendSV_Handler                           0x08001f19   Thumb Code     2  stm32f10x_it.o(i.PendSV_Handler)
    Property_Post                            0x08001f1d   Thumb Code   348  net_things.o(i.Property_Post)
    Property_Post2                           0x08002095   Thumb Code   300  net_things.o(i.Property_Post2)
    PubTopicinfo2                            0x080021dd   Thumb Code   516  net_things.o(i.PubTopicinfo2)
    RCC_APB1PeriphClockCmd                   0x08002401   Thumb Code    26  stm32f10x_rcc.o(i.RCC_APB1PeriphClockCmd)
    RCC_APB1PeriphResetCmd                   0x08002421   Thumb Code    26  stm32f10x_rcc.o(i.RCC_APB1PeriphResetCmd)
    RCC_APB2PeriphClockCmd                   0x08002441   Thumb Code    26  stm32f10x_rcc.o(i.RCC_APB2PeriphClockCmd)
    RCC_APB2PeriphResetCmd                   0x08002461   Thumb Code    26  stm32f10x_rcc.o(i.RCC_APB2PeriphResetCmd)
    RCC_GetClocksFreq                        0x08002481   Thumb Code   192  stm32f10x_rcc.o(i.RCC_GetClocksFreq)
    SVC_Handler                              0x08002555   Thumb Code     2  stm32f10x_it.o(i.SVC_Handler)
    SysTick_CLKSourceConfig                  0x08002641   Thumb Code    40  misc.o(i.SysTick_CLKSourceConfig)
    SysTick_Handler                          0x08002669   Thumb Code     2  stm32f10x_it.o(i.SysTick_Handler)
    SystemInit                               0x0800266d   Thumb Code    78  system_stm32f10x.o(i.SystemInit)
    TEMP_Init                                0x080026cd   Thumb Code    76  temp.o(i.TEMP_Init)
    TIM3_PWM_Init                            0x0800271d   Thumb Code   130  pwm.o(i.TIM3_PWM_Init)
    TIM4_IRQHandler                          0x080027ad   Thumb Code    82  tim.o(i.TIM4_IRQHandler)
    TIM4_Init                                0x08002811   Thumb Code   100  tim.o(i.TIM4_Init)
    TIM_ClearITPendingBit                    0x08002879   Thumb Code     6  stm32f10x_tim.o(i.TIM_ClearITPendingBit)
    TIM_Cmd                                  0x0800287f   Thumb Code    24  stm32f10x_tim.o(i.TIM_Cmd)
    TIM_GetITStatus                          0x08002897   Thumb Code    34  stm32f10x_tim.o(i.TIM_GetITStatus)
    TIM_ITConfig                             0x080028b9   Thumb Code    18  stm32f10x_tim.o(i.TIM_ITConfig)
    TIM_OC2Init                              0x080028cd   Thumb Code   154  stm32f10x_tim.o(i.TIM_OC2Init)
    TIM_OC2PreloadConfig                     0x08002971   Thumb Code    26  stm32f10x_tim.o(i.TIM_OC2PreloadConfig)
    TIM_TimeBaseInit                         0x0800298d   Thumb Code   122  stm32f10x_tim.o(i.TIM_TimeBaseInit)
    USART1_IRQHandler                        0x08002a31   Thumb Code   128  usart.o(i.USART1_IRQHandler)
    USART2_IRQHandler                        0x08002abd   Thumb Code   148  usart.o(i.USART2_IRQHandler)
    USART_Cmd                                0x08002b6d   Thumb Code    24  stm32f10x_usart.o(i.USART_Cmd)
    USART_DeInit                             0x08002b85   Thumb Code   134  stm32f10x_usart.o(i.USART_DeInit)
    USART_GetFlagStatus                      0x08002c21   Thumb Code    26  stm32f10x_usart.o(i.USART_GetFlagStatus)
    USART_GetITStatus                        0x08002c3b   Thumb Code    84  stm32f10x_usart.o(i.USART_GetITStatus)
    USART_ITConfig                           0x08002c8f   Thumb Code    74  stm32f10x_usart.o(i.USART_ITConfig)
    USART_Init                               0x08002cd9   Thumb Code   210  stm32f10x_usart.o(i.USART_Init)
    USART_ReceiveData                        0x08002db1   Thumb Code    10  stm32f10x_usart.o(i.USART_ReceiveData)
    USART_SendData                           0x08002dbb   Thumb Code     8  stm32f10x_usart.o(i.USART_SendData)
    UnConnect                                0x08002dc5   Thumb Code   102  net_things.o(i.UnConnect)
    UsageFault_Handler                       0x08002e3d   Thumb Code     4  stm32f10x_it.o(i.UsageFault_Handler)
    Usart_SendString                         0x08002e41   Thumb Code    76  usart.o(i.Usart_SendString)
    __ARM_fpclassify                         0x08002eb9   Thumb Code    40  fpclassify.o(i.__ARM_fpclassify)
    _sys_exit                                0x08002ee1   Thumb Code     4  usart.o(i._sys_exit)
    delay_init                               0x08002ee5   Thumb Code    50  delay.o(i.delay_init)
    delay_ms                                 0x08002f29   Thumb Code    72  delay.o(i.delay_ms)
    delay_us                                 0x08002f75   Thumb Code    72  delay.o(i.delay_us)
    fputc                                    0x08002fc1   Thumb Code    24  usart.o(i.fputc)
    fuc_DIRECTORY                            0x08002fdd   Thumb Code   420  task.o(i.fuc_DIRECTORY)
    fuc_EX                                   0x080031fd   Thumb Code   198  task.o(i.fuc_EX)
    fuc_HAIR                                 0x080032e9   Thumb Code    90  task.o(i.fuc_HAIR)
    fuc_OVER                                 0x08003359   Thumb Code    72  task.o(i.fuc_OVER)
    fuc_SEND_DATA                            0x080033ad   Thumb Code    22  task.o(i.fuc_SEND_DATA)
    fuc_TASK                                 0x080033cd   Thumb Code   158  task.o(i.fuc_TASK)
    fuc_TEST_TEMP                            0x080034ad   Thumb Code   230  task.o(i.fuc_TEST_TEMP)
    fuc_WASH1                                0x080035b1   Thumb Code    58  task.o(i.fuc_WASH1)
    fuc_WASH2                                0x080035f9   Thumb Code    58  task.o(i.fuc_WASH2)
    fuc_WASH3                                0x08003641   Thumb Code    58  task.o(i.fuc_WASH3)
    fuc_init                                 0x08003689   Thumb Code   114  task.o(i.fuc_init)
    fuc_temp                                 0x08003741   Thumb Code    32  task.o(i.fuc_temp)
    main                                     0x08003771   Thumb Code    82  main.o(i.main)
    platform_data_handle                     0x080037c5   Thumb Code   236  task.o(i.platform_data_handle)
    uart2_init                               0x08003925   Thumb Code   162  usart.o(i.uart2_init)
    uart_init                                0x080039d1   Thumb Code   154  usart.o(i.uart_init)
    _get_lc_numeric                          0x08003a75   Thumb Code    44  lc_numeric_c.o(locale$$code)
    __aeabi_d2f                              0x08003aa1   Thumb Code     0  d2f.o(x$fpl$d2f)
    _d2f                                     0x08003aa1   Thumb Code    98  d2f.o(x$fpl$d2f)
    __aeabi_dadd                             0x08003b05   Thumb Code     0  daddsub_clz.o(x$fpl$dadd)
    _dadd                                    0x08003b05   Thumb Code   332  daddsub_clz.o(x$fpl$dadd)
    __fpl_dcmp_Inf                           0x08003c55   Thumb Code    24  dcmpi.o(x$fpl$dcmpinf)
    __aeabi_i2d                              0x08003c6d   Thumb Code     0  dflt_clz.o(x$fpl$dflt)
    _dflt                                    0x08003c6d   Thumb Code    46  dflt_clz.o(x$fpl$dflt)
    __aeabi_cdcmple                          0x08003c9d   Thumb Code     0  dleqf.o(x$fpl$dleqf)
    _dcmple                                  0x08003c9d   Thumb Code   120  dleqf.o(x$fpl$dleqf)
    __fpl_dcmple_InfNaN                      0x08003cff   Thumb Code     0  dleqf.o(x$fpl$dleqf)
    __aeabi_dmul                             0x08003d15   Thumb Code     0  dmul.o(x$fpl$dmul)
    _dmul                                    0x08003d15   Thumb Code   332  dmul.o(x$fpl$dmul)
    __fpl_dnaninf                            0x08003e69   Thumb Code   156  dnaninf.o(x$fpl$dnaninf)
    __fpl_dretinf                            0x08003f05   Thumb Code    12  dretinf.o(x$fpl$dretinf)
    __aeabi_cdrcmple                         0x08003f11   Thumb Code     0  drleqf.o(x$fpl$drleqf)
    _drcmple                                 0x08003f11   Thumb Code   108  drleqf.o(x$fpl$drleqf)
    __aeabi_dsub                             0x08003f7d   Thumb Code     0  daddsub_clz.o(x$fpl$dsub)
    _dsub                                    0x08003f7d   Thumb Code   464  daddsub_clz.o(x$fpl$dsub)
    __aeabi_f2d                              0x08004151   Thumb Code     0  f2d.o(x$fpl$f2d)
    _f2d                                     0x08004151   Thumb Code    86  f2d.o(x$fpl$f2d)
    __fpl_fcmp_Inf                           0x080041a7   Thumb Code    24  fcmpi.o(x$fpl$fcmpinf)
    __aeabi_f2uiz                            0x080041c1   Thumb Code     0  ffixu.o(x$fpl$ffixu)
    _ffixu                                   0x080041c1   Thumb Code    62  ffixu.o(x$fpl$ffixu)
    __aeabi_i2f                              0x08004201   Thumb Code     0  fflt_clz.o(x$fpl$fflt)
    _fflt                                    0x08004201   Thumb Code    48  fflt_clz.o(x$fpl$fflt)
    __aeabi_cfcmple                          0x08004231   Thumb Code     0  fleqf.o(x$fpl$fleqf)
    _fcmple                                  0x08004231   Thumb Code   104  fleqf.o(x$fpl$fleqf)
    __fpl_fcmple_InfNaN                      0x08004283   Thumb Code     0  fleqf.o(x$fpl$fleqf)
    __fpl_fnaninf                            0x08004299   Thumb Code   140  fnaninf.o(x$fpl$fnaninf)
    __fpl_fretinf                            0x08004325   Thumb Code    10  fretinf.o(x$fpl$fretinf)
    __aeabi_cfrcmple                         0x0800432f   Thumb Code     0  frleqf.o(x$fpl$frleqf)
    _frcmple                                 0x0800432f   Thumb Code    98  frleqf.o(x$fpl$frleqf)
    _printf_fp_dec                           0x08004391   Thumb Code     4  printf1.o(x$fpl$printf1)
    __I$use$fp                               0x08004394   Number         0  usenofp.o(x$fpl$usenofp)
    Region$$Table$$Base                      0x08004428   Number         0  anon$$obj.o(Region$$Table)
    Region$$Table$$Limit                     0x08004448   Number         0  anon$$obj.o(Region$$Table)
    SystemCoreClock                          0x20000000   Data           4  system_stm32f10x.o(.data)
    AHBPrescTable                            0x20000004   Data          16  system_stm32f10x.o(.data)
    __stdout                                 0x20000018   Data           4  usart.o(.data)
    USART_RX_STA                             0x2000001c   Data           2  usart.o(.data)
    j                                        0x20000020   Data           4  usart.o(.data)
    startBit                                 0x20000024   Data           4  usart.o(.data)
    g_num                                    0x20000028   Data           4  usart.o(.data)
    i                                        0x2000002c   Data           4  usart.o(.data)
    len                                      0x20000030   Data           4  usart.o(.data)
    get_data                                 0x20000034   Data           4  usart.o(.data)
    OK_WAIT                                  0x20000038   Data           4  usart.o(.data)
    TASK1                                    0x20000050   Data           4  exti.o(.data)
    AT1                                      0x20000054   Data           6  net_things.o(.data)
    AT2                                      0x2000005a   Data           5  net_things.o(.data)
    AT3                                      0x2000005f   Data           5  net_things.o(.data)
    HotSpot_Connect                          0x20000064   Data          41  net_things.o(.data)
    MQTTUSERCFG                              0x2000008d   Data         102  net_things.o(.data)
    MQTTCLIENTID                             0x200000f3   Data          77  net_things.o(.data)
    MQTTCONN                                 0x20000140   Data          74  net_things.o(.data)
    DeviceProPost                            0x2000018a   Data         148  net_things.o(.data)
    DeviceProPost2                           0x2000021e   Data          18  net_things.o(.data)
    DeviceProPost3                           0x20000230   Data          27  net_things.o(.data)
    DeviceProPost4                           0x2000024b   Data          26  net_things.o(.data)
    DeviceProPost5                           0x20000265   Data          25  net_things.o(.data)
    DeviceProPost6                           0x2000027e   Data          21  net_things.o(.data)
    DeviceProPost7                           0x20000293   Data          18  net_things.o(.data)
    DeviceProPost8                           0x200002a5   Data          33  net_things.o(.data)
    PubMsgTopic1                             0x200002c6   Data          52  net_things.o(.data)
    PubMsgTopic2                             0x200002fa   Data          36  net_things.o(.data)
    msg1                                     0x2000031e   Data          17  net_things.o(.data)
    msg2                                     0x2000032f   Data          13  net_things.o(.data)
    msg3                                     0x2000033c   Data          12  net_things.o(.data)
    msg4                                     0x20000348   Data          12  net_things.o(.data)
    UnConnect1                               0x20000354   Data          17  net_things.o(.data)
    con                                      0x20000368   Data           4  net_things.o(.data)
    TASK                                     0x2000036c   Data           4  task.o(.data)
    T1                                       0x20000370   Data           4  task.o(.data)
    T2                                       0x20000374   Data           4  task.o(.data)
    M1                                       0x20000378   Data           4  task.o(.data)
    M2                                       0x2000037c   Data           4  task.o(.data)
    FEN                                      0x20000380   Data           4  task.o(.data)
    sec1                                     0x20000384   Data           4  task.o(.data)
    min1                                     0x20000388   Data           4  task.o(.data)
    hour1                                    0x2000038c   Data           4  task.o(.data)
    temp_low                                 0x20000390   Data           4  task.o(.data)
    temp_max                                 0x20000394   Data           4  task.o(.data)
    mode                                     0x20000398   Data           4  task.o(.data)
    LightSwitch                              0x2000039c   Data           4  task.o(.data)
    temp                                     0x200003a0   Data           4  task.o(.data)
    ex1                                      0x200003a4   Data           4  task.o(.data)
    post1                                    0x200003a8   Data           4  task.o(.data)
    post2                                    0x200003ac   Data           4  task.o(.data)
    post3                                    0x200003b0   Data           4  task.o(.data)
    sta1                                     0x200003b4   Data           4  task.o(.data)
    sta2                                     0x200003b8   Data           4  task.o(.data)
    sec                                      0x200003bc   Data           4  tim.o(.data)
    time                                     0x200003c0   Data           4  tim.o(.data)
    USART_RX_BUF                             0x200003c4   Data         400  usart.o(.bss)
    RX_Data                                  0x20000554   Data         400  usart.o(.bss)
    __libspace_start                         0x200006e4   Data          96  libspace.o(.bss)
    __temporary_stack_top$libspace           0x20000744   Data           0  libspace.o(.bss)



==============================================================================

Memory Map of the image

  Image Entry point : 0x08000235

  Load Region LR_1 (Base: 0x08000000, Size: 0x00004828, Max: 0xffffffff, ABSOLUTE, COMPRESSED[0x000046ac])

    Execution Region ER_RO (Exec base: 0x08000000, Load base: 0x08000000, Size: 0x00004464, Max: 0xffffffff, ABSOLUTE)

    Exec Addr    Load Addr    Size         Type   Attr      Idx    E Section Name        Object

    0x08000000   0x08000000   0x00000130   Data   RO          582    RESET               startup_stm32f10x_hd.o
    0x08000130   0x08000130   0x00000008   Code   RO         4160  * !!!main             c_w.l(__main.o)
    0x08000138   0x08000138   0x00000034   Code   RO         4428    !!!scatter          c_w.l(__scatter.o)
    0x0800016c   0x0800016c   0x00000064   Code   RO         4426    !!dclz77c           c_w.l(__dclz77c.o)
    0x080001d0   0x080001d0   0x0000001c   Code   RO         4430    !!handler_zi        c_w.l(__scatter_zi.o)
    0x080001ec   0x080001ec   0x00000000   Code   RO         4153    .ARM.Collect$$_printf_percent$$00000000  c_w.l(_printf_percent.o)
    0x080001ec   0x080001ec   0x00000006   Code   RO         4152    .ARM.Collect$$_printf_percent$$00000003  c_w.l(_printf_f.o)
    0x080001f2   0x080001f2   0x00000006   Code   RO         4151    .ARM.Collect$$_printf_percent$$00000009  c_w.l(_printf_d.o)
    0x080001f8   0x080001f8   0x00000004   Code   RO         4209    .ARM.Collect$$_printf_percent$$00000017  c_w.l(_printf_percent_end.o)
    0x080001fc   0x080001fc   0x00000002   Code   RO         4303    .ARM.Collect$$libinit$$00000000  c_w.l(libinit.o)
    0x080001fe   0x080001fe   0x00000000   Code   RO         4305    .ARM.Collect$$libinit$$00000002  c_w.l(libinit2.o)
    0x080001fe   0x080001fe   0x00000000   Code   RO         4307    .ARM.Collect$$libinit$$00000004  c_w.l(libinit2.o)
    0x080001fe   0x080001fe   0x00000000   Code   RO         4310    .ARM.Collect$$libinit$$0000000A  c_w.l(libinit2.o)
    0x080001fe   0x080001fe   0x00000000   Code   RO         4312    .ARM.Collect$$libinit$$0000000C  c_w.l(libinit2.o)
    0x080001fe   0x080001fe   0x00000000   Code   RO         4314    .ARM.Collect$$libinit$$0000000E  c_w.l(libinit2.o)
    0x080001fe   0x080001fe   0x00000006   Code   RO         4315    .ARM.Collect$$libinit$$0000000F  c_w.l(libinit2.o)
    0x08000204   0x08000204   0x00000000   Code   RO         4317    .ARM.Collect$$libinit$$00000011  c_w.l(libinit2.o)
    0x08000204   0x08000204   0x00000000   Code   RO         4319    .ARM.Collect$$libinit$$00000013  c_w.l(libinit2.o)
    0x08000204   0x08000204   0x00000000   Code   RO         4321    .ARM.Collect$$libinit$$00000015  c_w.l(libinit2.o)
    0x08000204   0x08000204   0x0000000a   Code   RO         4322    .ARM.Collect$$libinit$$00000016  c_w.l(libinit2.o)
    0x0800020e   0x0800020e   0x00000000   Code   RO         4323    .ARM.Collect$$libinit$$00000017  c_w.l(libinit2.o)
    0x0800020e   0x0800020e   0x00000000   Code   RO         4325    .ARM.Collect$$libinit$$00000019  c_w.l(libinit2.o)
    0x0800020e   0x0800020e   0x00000000   Code   RO         4327    .ARM.Collect$$libinit$$0000001B  c_w.l(libinit2.o)
    0x0800020e   0x0800020e   0x00000000   Code   RO         4329    .ARM.Collect$$libinit$$0000001D  c_w.l(libinit2.o)
    0x0800020e   0x0800020e   0x00000000   Code   RO         4331    .ARM.Collect$$libinit$$0000001F  c_w.l(libinit2.o)
    0x0800020e   0x0800020e   0x00000000   Code   RO         4333    .ARM.Collect$$libinit$$00000021  c_w.l(libinit2.o)
    0x0800020e   0x0800020e   0x00000000   Code   RO         4335    .ARM.Collect$$libinit$$00000023  c_w.l(libinit2.o)
    0x0800020e   0x0800020e   0x00000000   Code   RO         4337    .ARM.Collect$$libinit$$00000025  c_w.l(libinit2.o)
    0x0800020e   0x0800020e   0x00000000   Code   RO         4341    .ARM.Collect$$libinit$$0000002C  c_w.l(libinit2.o)
    0x0800020e   0x0800020e   0x00000000   Code   RO         4343    .ARM.Collect$$libinit$$0000002E  c_w.l(libinit2.o)
    0x0800020e   0x0800020e   0x00000000   Code   RO         4345    .ARM.Collect$$libinit$$00000030  c_w.l(libinit2.o)
    0x0800020e   0x0800020e   0x00000000   Code   RO         4347    .ARM.Collect$$libinit$$00000032  c_w.l(libinit2.o)
    0x0800020e   0x0800020e   0x00000002   Code   RO         4348    .ARM.Collect$$libinit$$00000033  c_w.l(libinit2.o)
    0x08000210   0x08000210   0x00000002   Code   RO         4376    .ARM.Collect$$libshutdown$$00000000  c_w.l(libshutdown.o)
    0x08000212   0x08000212   0x00000000   Code   RO         4385    .ARM.Collect$$libshutdown$$00000002  c_w.l(libshutdown2.o)
    0x08000212   0x08000212   0x00000000   Code   RO         4387    .ARM.Collect$$libshutdown$$00000004  c_w.l(libshutdown2.o)
    0x08000212   0x08000212   0x00000000   Code   RO         4390    .ARM.Collect$$libshutdown$$00000007  c_w.l(libshutdown2.o)
    0x08000212   0x08000212   0x00000000   Code   RO         4393    .ARM.Collect$$libshutdown$$0000000A  c_w.l(libshutdown2.o)
    0x08000212   0x08000212   0x00000000   Code   RO         4395    .ARM.Collect$$libshutdown$$0000000C  c_w.l(libshutdown2.o)
    0x08000212   0x08000212   0x00000000   Code   RO         4398    .ARM.Collect$$libshutdown$$0000000F  c_w.l(libshutdown2.o)
    0x08000212   0x08000212   0x00000002   Code   RO         4399    .ARM.Collect$$libshutdown$$00000010  c_w.l(libshutdown2.o)
    0x08000214   0x08000214   0x00000000   Code   RO         4202    .ARM.Collect$$rtentry$$00000000  c_w.l(__rtentry.o)
    0x08000214   0x08000214   0x00000000   Code   RO         4226    .ARM.Collect$$rtentry$$00000002  c_w.l(__rtentry2.o)
    0x08000214   0x08000214   0x00000006   Code   RO         4238    .ARM.Collect$$rtentry$$00000004  c_w.l(__rtentry4.o)
    0x0800021a   0x0800021a   0x00000000   Code   RO         4228    .ARM.Collect$$rtentry$$00000009  c_w.l(__rtentry2.o)
    0x0800021a   0x0800021a   0x00000004   Code   RO         4229    .ARM.Collect$$rtentry$$0000000A  c_w.l(__rtentry2.o)
    0x0800021e   0x0800021e   0x00000000   Code   RO         4231    .ARM.Collect$$rtentry$$0000000C  c_w.l(__rtentry2.o)
    0x0800021e   0x0800021e   0x00000008   Code   RO         4232    .ARM.Collect$$rtentry$$0000000D  c_w.l(__rtentry2.o)
    0x08000226   0x08000226   0x00000002   Code   RO         4349    .ARM.Collect$$rtexit$$00000000  c_w.l(rtexit.o)
    0x08000228   0x08000228   0x00000000   Code   RO         4356    .ARM.Collect$$rtexit$$00000002  c_w.l(rtexit2.o)
    0x08000228   0x08000228   0x00000004   Code   RO         4357    .ARM.Collect$$rtexit$$00000003  c_w.l(rtexit2.o)
    0x0800022c   0x0800022c   0x00000006   Code   RO         4358    .ARM.Collect$$rtexit$$00000004  c_w.l(rtexit2.o)
    0x08000232   0x08000232   0x00000002   PAD
    0x08000234   0x08000234   0x00000040   Code   RO          583  * .text               startup_stm32f10x_hd.o
    0x08000274   0x08000274   0x00000002   Code   RO         4121    .text               c_w.l(use_no_semi_2.o)
    0x08000276   0x08000276   0x00000002   PAD
    0x08000278   0x08000278   0x00000018   Code   RO         4125    .text               c_w.l(noretval__2printf.o)
    0x08000290   0x08000290   0x00000068   Code   RO         4127    .text               c_w.l(__printf.o)
    0x080002f8   0x080002f8   0x00000078   Code   RO         4129    .text               c_w.l(_printf_dec.o)
    0x08000370   0x08000370   0x00000024   Code   RO         4154    .text               c_w.l(strstr.o)
    0x08000394   0x08000394   0x00000044   Code   RO         4156    .text               c_w.l(rt_memclr.o)
    0x080003d8   0x080003d8   0x00000006   Code   RO         4158    .text               c_w.l(heapauxi.o)
    0x080003de   0x080003de   0x00000002   Code   RO         4200    .text               c_w.l(use_no_semi.o)
    0x080003e0   0x080003e0   0x000000b2   Code   RO         4203    .text               c_w.l(_printf_intcommon.o)
    0x08000492   0x08000492   0x0000041e   Code   RO         4205    .text               c_w.l(_printf_fp_dec.o)
    0x080008b0   0x080008b0   0x00000024   Code   RO         4207    .text               c_w.l(_printf_char_file.o)
    0x080008d4   0x080008d4   0x0000004e   Code   RO         4210    .text               c_w.l(rt_memclr_w.o)
    0x08000922   0x08000922   0x00000002   PAD
    0x08000924   0x08000924   0x00000008   Code   RO         4243    .text               c_w.l(rt_locale_intlibspace.o)
    0x0800092c   0x0800092c   0x0000008a   Code   RO         4245    .text               c_w.l(lludiv10.o)
    0x080009b6   0x080009b6   0x00000002   PAD
    0x080009b8   0x080009b8   0x00000030   Code   RO         4247    .text               c_w.l(_printf_char_common.o)
    0x080009e8   0x080009e8   0x00000080   Code   RO         4249    .text               c_w.l(_printf_fp_infnan.o)
    0x08000a68   0x08000a68   0x000000e4   Code   RO         4251    .text               c_w.l(bigflt0.o)
    0x08000b4c   0x08000b4c   0x00000008   Code   RO         4276    .text               c_w.l(ferror.o)
    0x08000b54   0x08000b54   0x00000008   Code   RO         4287    .text               c_w.l(libspace.o)
    0x08000b5c   0x08000b5c   0x0000004a   Code   RO         4290    .text               c_w.l(sys_stackheap_outer.o)
    0x08000ba6   0x08000ba6   0x00000012   Code   RO         4294    .text               c_w.l(exit.o)
    0x08000bb8   0x08000bb8   0x00000080   Code   RO         4296    .text               c_w.l(strcmpv7m.o)
    0x08000c38   0x08000c38   0x0000003e   Code   RO         4254    CL$$btod_d2e        c_w.l(btod.o)
    0x08000c76   0x08000c76   0x00000046   Code   RO         4256    CL$$btod_d2e_denorm_low  c_w.l(btod.o)
    0x08000cbc   0x08000cbc   0x00000060   Code   RO         4255    CL$$btod_d2e_norm_op1  c_w.l(btod.o)
    0x08000d1c   0x08000d1c   0x00000338   Code   RO         4264    CL$$btod_div_common  c_w.l(btod.o)
    0x08001054   0x08001054   0x000000dc   Code   RO         4261    CL$$btod_e2e        c_w.l(btod.o)
    0x08001130   0x08001130   0x0000002a   Code   RO         4258    CL$$btod_ediv       c_w.l(btod.o)
    0x0800115a   0x0800115a   0x0000002a   Code   RO         4257    CL$$btod_emul       c_w.l(btod.o)
    0x08001184   0x08001184   0x00000244   Code   RO         4263    CL$$btod_mult_common  c_w.l(btod.o)
    0x080013c8   0x080013c8   0x00000038   Code   RO         3652    i.BEEP_Init         beep.o
    0x08001400   0x08001400   0x00000004   Code   RO          154    i.BusFault_Handler  stm32f10x_it.o
    0x08001404   0x08001404   0x0000002c   Code   RO         3808    i.DS18B20_DQGPIOConfig  ds18b20.o
    0x08001430   0x08001430   0x00000090   Code   RO         3809    i.DS18B20_GetTemp   ds18b20.o
    0x080014c0   0x080014c0   0x0000000c   Code   RO         3810    i.DS18B20_Init      ds18b20.o
    0x080014cc   0x080014cc   0x00000068   Code   RO         3811    i.DS18B20_ReadByte  ds18b20.o
    0x08001534   0x08001534   0x0000005c   Code   RO         3812    i.DS18B20_Rst       ds18b20.o
    0x08001590   0x08001590   0x00000020   Code   RO         3813    i.DS18B20_SetDQMode_IPU  ds18b20.o
    0x080015b0   0x080015b0   0x00000024   Code   RO         3814    i.DS18B20_SetDQMode_OUT  ds18b20.o
    0x080015d4   0x080015d4   0x00000054   Code   RO         3815    i.DS18B20_WriteByte  ds18b20.o
    0x08001628   0x08001628   0x00000002   Code   RO          155    i.DebugMon_Handler  stm32f10x_it.o
    0x0800162a   0x0800162a   0x00000002   PAD
    0x0800162c   0x0800162c   0x000000a8   Code   RO         3667    i.EXTI1_IRQHandler  exti.o
    0x080016d4   0x080016d4   0x000000a8   Code   RO         3668    i.EXTI2_IRQHandler  exti.o
    0x0800177c   0x0800177c   0x000000a4   Code   RO         3669    i.EXTI3_IRQHandler  exti.o
    0x08001820   0x08001820   0x0000009c   Code   RO         3670    i.EXTI4_IRQHandler  exti.o
    0x080018bc   0x080018bc   0x000000de   Code   RO         3671    i.EXTIX_Init        exti.o
    0x0800199a   0x0800199a   0x00000002   PAD
    0x0800199c   0x0800199c   0x0000000c   Code   RO         1468    i.EXTI_ClearITPendingBit  stm32f10x_exti.o
    0x080019a8   0x080019a8   0x00000094   Code   RO         1473    i.EXTI_Init         stm32f10x_exti.o
    0x08001a3c   0x08001a3c   0x00000034   Code   RO         3986    i.FEN_Init          pwm.o
    0x08001a70   0x08001a70   0x00000040   Code   RO         1818    i.GPIO_EXTILineConfig  stm32f10x_gpio.o
    0x08001ab0   0x08001ab0   0x00000116   Code   RO         1821    i.GPIO_Init         stm32f10x_gpio.o
    0x08001bc6   0x08001bc6   0x00000002   PAD
    0x08001bc8   0x08001bc8   0x00000090   Code   RO         1823    i.GPIO_PinRemapConfig  stm32f10x_gpio.o
    0x08001c58   0x08001c58   0x00000012   Code   RO         1825    i.GPIO_ReadInputDataBit  stm32f10x_gpio.o
    0x08001c6a   0x08001c6a   0x00000004   Code   RO         1828    i.GPIO_ResetBits    stm32f10x_gpio.o
    0x08001c6e   0x08001c6e   0x00000004   Code   RO         1829    i.GPIO_SetBits      stm32f10x_gpio.o
    0x08001c72   0x08001c72   0x0000000a   Code   RO         1832    i.GPIO_WriteBit     stm32f10x_gpio.o
    0x08001c7c   0x08001c7c   0x00000004   Code   RO          156    i.HardFault_Handler  stm32f10x_it.o
    0x08001c80   0x08001c80   0x00000024   Code   RO         3737    i.KEY_Init          key.o
    0x08001ca4   0x08001ca4   0x0000004c   Code   RO         3637    i.LED_Init          led.o
    0x08001cf0   0x08001cf0   0x00000050   Code   RO         3956    i.MOTOR_Init        motor.o
    0x08001d40   0x08001d40   0x00000004   Code   RO          157    i.MemManage_Handler  stm32f10x_it.o
    0x08001d44   0x08001d44   0x00000002   Code   RO          158    i.NMI_Handler       stm32f10x_it.o
    0x08001d46   0x08001d46   0x00000002   PAD
    0x08001d48   0x08001d48   0x00000070   Code   RO          587    i.NVIC_Init         misc.o
    0x08001db8   0x08001db8   0x00000014   Code   RO          588    i.NVIC_PriorityGroupConfig  misc.o
    0x08001dcc   0x08001dcc   0x0000014c   Code   RO         3756    i.Net_Things_Init   net_things.o
    0x08001f18   0x08001f18   0x00000002   Code   RO          159    i.PendSV_Handler    stm32f10x_it.o
    0x08001f1a   0x08001f1a   0x00000002   PAD
    0x08001f1c   0x08001f1c   0x00000178   Code   RO         3757    i.Property_Post     net_things.o
    0x08002094   0x08002094   0x00000148   Code   RO         3758    i.Property_Post2    net_things.o
    0x080021dc   0x080021dc   0x00000224   Code   RO         3761    i.PubTopicinfo2     net_things.o
    0x08002400   0x08002400   0x00000020   Code   RO         2237    i.RCC_APB1PeriphClockCmd  stm32f10x_rcc.o
    0x08002420   0x08002420   0x00000020   Code   RO         2238    i.RCC_APB1PeriphResetCmd  stm32f10x_rcc.o
    0x08002440   0x08002440   0x00000020   Code   RO         2239    i.RCC_APB2PeriphClockCmd  stm32f10x_rcc.o
    0x08002460   0x08002460   0x00000020   Code   RO         2240    i.RCC_APB2PeriphResetCmd  stm32f10x_rcc.o
    0x08002480   0x08002480   0x000000d4   Code   RO         2247    i.RCC_GetClocksFreq  stm32f10x_rcc.o
    0x08002554   0x08002554   0x00000002   Code   RO          160    i.SVC_Handler       stm32f10x_it.o
    0x08002556   0x08002556   0x00000008   Code   RO          300    i.SetSysClock       system_stm32f10x.o
    0x0800255e   0x0800255e   0x00000002   PAD
    0x08002560   0x08002560   0x000000e0   Code   RO          301    i.SetSysClockTo72   system_stm32f10x.o
    0x08002640   0x08002640   0x00000028   Code   RO          591    i.SysTick_CLKSourceConfig  misc.o
    0x08002668   0x08002668   0x00000002   Code   RO          161    i.SysTick_Handler   stm32f10x_it.o
    0x0800266a   0x0800266a   0x00000002   PAD
    0x0800266c   0x0800266c   0x00000060   Code   RO          303    i.SystemInit        system_stm32f10x.o
    0x080026cc   0x080026cc   0x00000050   Code   RO         3971    i.TEMP_Init         temp.o
    0x0800271c   0x0800271c   0x00000090   Code   RO         3988    i.TIM3_PWM_Init     pwm.o
    0x080027ac   0x080027ac   0x00000064   Code   RO         4098    i.TIM4_IRQHandler   tim.o
    0x08002810   0x08002810   0x00000068   Code   RO         4099    i.TIM4_Init         tim.o
    0x08002878   0x08002878   0x00000006   Code   RO         2866    i.TIM_ClearITPendingBit  stm32f10x_tim.o
    0x0800287e   0x0800287e   0x00000018   Code   RO         2871    i.TIM_Cmd           stm32f10x_tim.o
    0x08002896   0x08002896   0x00000022   Code   RO         2892    i.TIM_GetITStatus   stm32f10x_tim.o
    0x080028b8   0x080028b8   0x00000012   Code   RO         2896    i.TIM_ITConfig      stm32f10x_tim.o
    0x080028ca   0x080028ca   0x00000002   PAD
    0x080028cc   0x080028cc   0x000000a4   Code   RO         2905    i.TIM_OC2Init       stm32f10x_tim.o
    0x08002970   0x08002970   0x0000001a   Code   RO         2908    i.TIM_OC2PreloadConfig  stm32f10x_tim.o
    0x0800298a   0x0800298a   0x00000002   PAD
    0x0800298c   0x0800298c   0x000000a4   Code   RO         2942    i.TIM_TimeBaseInit  stm32f10x_tim.o
    0x08002a30   0x08002a30   0x0000008c   Code   RO          421    i.USART1_IRQHandler  usart.o
    0x08002abc   0x08002abc   0x000000b0   Code   RO          422    i.USART2_IRQHandler  usart.o
    0x08002b6c   0x08002b6c   0x00000018   Code   RO         3407    i.USART_Cmd         stm32f10x_usart.o
    0x08002b84   0x08002b84   0x0000009c   Code   RO         3409    i.USART_DeInit      stm32f10x_usart.o
    0x08002c20   0x08002c20   0x0000001a   Code   RO         3410    i.USART_GetFlagStatus  stm32f10x_usart.o
    0x08002c3a   0x08002c3a   0x00000054   Code   RO         3411    i.USART_GetITStatus  stm32f10x_usart.o
    0x08002c8e   0x08002c8e   0x0000004a   Code   RO         3413    i.USART_ITConfig    stm32f10x_usart.o
    0x08002cd8   0x08002cd8   0x000000d8   Code   RO         3414    i.USART_Init        stm32f10x_usart.o
    0x08002db0   0x08002db0   0x0000000a   Code   RO         3421    i.USART_ReceiveData  stm32f10x_usart.o
    0x08002dba   0x08002dba   0x00000008   Code   RO         3424    i.USART_SendData    stm32f10x_usart.o
    0x08002dc2   0x08002dc2   0x00000002   PAD
    0x08002dc4   0x08002dc4   0x00000078   Code   RO         3762    i.UnConnect         net_things.o
    0x08002e3c   0x08002e3c   0x00000004   Code   RO          162    i.UsageFault_Handler  stm32f10x_it.o
    0x08002e40   0x08002e40   0x00000078   Code   RO          423    i.Usart_SendString  usart.o
    0x08002eb8   0x08002eb8   0x00000028   Code   RO         4285    i.__ARM_fpclassify  m_ws.l(fpclassify.o)
    0x08002ee0   0x08002ee0   0x00000004   Code   RO          424    i._sys_exit         usart.o
    0x08002ee4   0x08002ee4   0x00000044   Code   RO          334    i.delay_init        delay.o
    0x08002f28   0x08002f28   0x0000004c   Code   RO          335    i.delay_ms          delay.o
    0x08002f74   0x08002f74   0x0000004c   Code   RO          336    i.delay_us          delay.o
    0x08002fc0   0x08002fc0   0x0000001c   Code   RO          425    i.fputc             usart.o
    0x08002fdc   0x08002fdc   0x00000220   Code   RO         4010    i.fuc_DIRECTORY     task.o
    0x080031fc   0x080031fc   0x000000ec   Code   RO         4011    i.fuc_EX            task.o
    0x080032e8   0x080032e8   0x00000070   Code   RO         4012    i.fuc_HAIR          task.o
    0x08003358   0x08003358   0x00000054   Code   RO         4013    i.fuc_OVER          task.o
    0x080033ac   0x080033ac   0x00000020   Code   RO         4014    i.fuc_SEND_DATA     task.o
    0x080033cc   0x080033cc   0x000000e0   Code   RO         4015    i.fuc_TASK          task.o
    0x080034ac   0x080034ac   0x00000104   Code   RO         4016    i.fuc_TEST_TEMP     task.o
    0x080035b0   0x080035b0   0x00000048   Code   RO         4017    i.fuc_WASH1         task.o
    0x080035f8   0x080035f8   0x00000048   Code   RO         4018    i.fuc_WASH2         task.o
    0x08003640   0x08003640   0x00000048   Code   RO         4019    i.fuc_WASH3         task.o
    0x08003688   0x08003688   0x000000b8   Code   RO         4020    i.fuc_init          task.o
    0x08003740   0x08003740   0x00000030   Code   RO         4021    i.fuc_temp          task.o
    0x08003770   0x08003770   0x00000052   Code   RO            1    i.main              main.o
    0x080037c2   0x080037c2   0x00000002   PAD
    0x080037c4   0x080037c4   0x00000160   Code   RO         4022    i.platform_data_handle  task.o
    0x08003924   0x08003924   0x000000ac   Code   RO          426    i.uart2_init        usart.o
    0x080039d0   0x080039d0   0x000000a4   Code   RO          427    i.uart_init         usart.o
    0x08003a74   0x08003a74   0x0000002c   Code   RO         4281    locale$$code        c_w.l(lc_numeric_c.o)
    0x08003aa0   0x08003aa0   0x00000062   Code   RO         4162    x$fpl$d2f           fz_ws.l(d2f.o)
    0x08003b02   0x08003b02   0x00000002   PAD
    0x08003b04   0x08003b04   0x00000150   Code   RO         4164    x$fpl$dadd          fz_ws.l(daddsub_clz.o)
    0x08003c54   0x08003c54   0x00000018   Code   RO         4212    x$fpl$dcmpinf       fz_ws.l(dcmpi.o)
    0x08003c6c   0x08003c6c   0x0000002e   Code   RO         4171    x$fpl$dflt          fz_ws.l(dflt_clz.o)
    0x08003c9a   0x08003c9a   0x00000002   PAD
    0x08003c9c   0x08003c9c   0x00000078   Code   RO         4176    x$fpl$dleqf         fz_ws.l(dleqf.o)
    0x08003d14   0x08003d14   0x00000154   Code   RO         4178    x$fpl$dmul          fz_ws.l(dmul.o)
    0x08003e68   0x08003e68   0x0000009c   Code   RO         4214    x$fpl$dnaninf       fz_ws.l(dnaninf.o)
    0x08003f04   0x08003f04   0x0000000c   Code   RO         4216    x$fpl$dretinf       fz_ws.l(dretinf.o)
    0x08003f10   0x08003f10   0x0000006c   Code   RO         4180    x$fpl$drleqf        fz_ws.l(drleqf.o)
    0x08003f7c   0x08003f7c   0x000001d4   Code   RO         4166    x$fpl$dsub          fz_ws.l(daddsub_clz.o)
    0x08004150   0x08004150   0x00000056   Code   RO         4182    x$fpl$f2d           fz_ws.l(f2d.o)
    0x080041a6   0x080041a6   0x00000018   Code   RO         4218    x$fpl$fcmpinf       fz_ws.l(fcmpi.o)
    0x080041be   0x080041be   0x00000002   PAD
    0x080041c0   0x080041c0   0x0000003e   Code   RO         4184    x$fpl$ffixu         fz_ws.l(ffixu.o)
    0x080041fe   0x080041fe   0x00000002   PAD
    0x08004200   0x08004200   0x00000030   Code   RO         4189    x$fpl$fflt          fz_ws.l(fflt_clz.o)
    0x08004230   0x08004230   0x00000068   Code   RO         4194    x$fpl$fleqf         fz_ws.l(fleqf.o)
    0x08004298   0x08004298   0x0000008c   Code   RO         4220    x$fpl$fnaninf       fz_ws.l(fnaninf.o)
    0x08004324   0x08004324   0x0000000a   Code   RO         4222    x$fpl$fretinf       fz_ws.l(fretinf.o)
    0x0800432e   0x0800432e   0x00000062   Code   RO         4196    x$fpl$frleqf        fz_ws.l(frleqf.o)
    0x08004390   0x08004390   0x00000004   Code   RO         4198    x$fpl$printf1       fz_ws.l(printf1.o)
    0x08004394   0x08004394   0x00000000   Code   RO         4224    x$fpl$usenofp       fz_ws.l(usenofp.o)
    0x08004394   0x08004394   0x00000094   Data   RO         4252    .constdata          c_w.l(bigflt0.o)
    0x08004428   0x08004428   0x00000020   Data   RO         4424    Region$$Table       anon$$obj.o
    0x08004448   0x08004448   0x0000001c   Data   RO         4280    locale$$data        c_w.l(lc_numeric_c.o)


    Execution Region ER_RW (Exec base: 0x20000000, Load base: 0x08004464, Size: 0x000003c4, Max: 0xffffffff, ABSOLUTE, COMPRESSED[0x00000248])

    Exec Addr    Load Addr    Size         Type   Attr      Idx    E Section Name        Object

    0x20000000   COMPRESSED   0x00000014   Data   RW          304    .data               system_stm32f10x.o
    0x20000014   COMPRESSED   0x00000004   Data   RW          337    .data               delay.o
    0x20000018   COMPRESSED   0x00000024   Data   RW          429    .data               usart.o
    0x2000003c   COMPRESSED   0x00000014   Data   RW         2267    .data               stm32f10x_rcc.o
    0x20000050   COMPRESSED   0x00000004   Data   RW         3672    .data               exti.o
    0x20000054   COMPRESSED   0x00000318   Data   RW         3763    .data               net_things.o
    0x2000036c   COMPRESSED   0x00000050   Data   RW         4023    .data               task.o
    0x200003bc   COMPRESSED   0x00000008   Data   RW         4100    .data               tim.o


    Execution Region ER_ZI (Exec base: 0x200003c4, Load base: 0x080046ac, Size: 0x00000984, Max: 0xffffffff, ABSOLUTE)

    Exec Addr    Load Addr    Size         Type   Attr      Idx    E Section Name        Object

    0x200003c4        -       0x00000320   Zero   RW          428    .bss                usart.o
    0x200006e4        -       0x00000060   Zero   RW         4288    .bss                c_w.l(libspace.o)
    0x20000744   0x080046ac   0x00000004   PAD
    0x20000748        -       0x00000200   Zero   RW          581    HEAP                startup_stm32f10x_hd.o
    0x20000948        -       0x00000400   Zero   RW          580    STACK               startup_stm32f10x_hd.o


==============================================================================

Image component sizes


      Code (inc. data)   RO Data    RW Data    ZI Data      Debug   Object Name

        56          6          0          0          0        476   beep.o
       220         26          0          4          0     204735   delay.o
       548         36          0          0          0      12613   ds18b20.o
       878        140          0          4          0     209861   exti.o
        36          4          0          0          0        471   key.o
        76          8          0          0          0        483   led.o
        82          0          0          0          0      33679   main.o
       172         22          0          0          0     252377   misc.o
        80          4          0          0          0        497   motor.o
      1704        140          0        792          0       5797   net_things.o
       196         20          0          0          0       1199   pwm.o
        64         26        304          0       1536        788   startup_stm32f10x_hd.o
       160         12          0          0          0       1453   stm32f10x_exti.o
       522         10          0          0          0       5576   stm32f10x_gpio.o
        26          0          0          0          0      11922   stm32f10x_it.o
       340         44          0         20          0       5480   stm32f10x_rcc.o
       436         52          0          0          0       4731   stm32f10x_tim.o
       598         28          0          0          0       6648   stm32f10x_usart.o
         0          0          0          0          0         32   sys.o
       328         28          0         20          0       2017   system_stm32f10x.o
      2292        556          0         80          0       7730   task.o
        80          4          0          0          0        488   temp.o
       204         22          0          8          0       1261   tim.o
       804        108          0         36        800     225352   usart.o

    ----------------------------------------------------------------------
      9924       1296        336        964       2336     995666   Object Totals
         0          0         32          0          0          0   (incl. Generated)
        22          0          0          0          0          0   (incl. Padding)

    ----------------------------------------------------------------------

      Code (inc. data)   RO Data    RW Data    ZI Data      Debug   Library Member Name

       100          0          0          0          0          0   __dclz77c.o
         8          0          0          0          0         68   __main.o
       104          0          0          0          0         84   __printf.o
         0          0          0          0          0          0   __rtentry.o
        12          0          0          0          0          0   __rtentry2.o
         6          0          0          0          0          0   __rtentry4.o
        52          8          0          0          0          0   __scatter.o
        28          0          0          0          0          0   __scatter_zi.o
        48          6          0          0          0         96   _printf_char_common.o
        36          4          0          0          0         80   _printf_char_file.o
         6          0          0          0          0          0   _printf_d.o
       120         16          0          0          0         92   _printf_dec.o
         6          0          0          0          0          0   _printf_f.o
      1054          0          0          0          0        216   _printf_fp_dec.o
       128         16          0          0          0         84   _printf_fp_infnan.o
       178          0          0          0          0         88   _printf_intcommon.o
         0          0          0          0          0          0   _printf_percent.o
         4          0          0          0          0          0   _printf_percent_end.o
       228          4        148          0          0         96   bigflt0.o
      1936        128          0          0          0        672   btod.o
        18          0          0          0          0         80   exit.o
         8          0          0          0          0         68   ferror.o
         6          0          0          0          0        152   heapauxi.o
        44         10         28          0          0         76   lc_numeric_c.o
         2          0          0          0          0          0   libinit.o
        18          0          0          0          0          0   libinit2.o
         2          0          0          0          0          0   libshutdown.o
         2          0          0          0          0          0   libshutdown2.o
         8          4          0          0         96         68   libspace.o
       138          0          0          0          0         80   lludiv10.o
        24          4          0          0          0         84   noretval__2printf.o
         8          4          0          0          0         68   rt_locale_intlibspace.o
        68          0          0          0          0         68   rt_memclr.o
        78          0          0          0          0         80   rt_memclr_w.o
         2          0          0          0          0          0   rtexit.o
        10          0          0          0          0          0   rtexit2.o
       128          0          0          0          0         68   strcmpv7m.o
        36          0          0          0          0         80   strstr.o
        74          0          0          0          0         80   sys_stackheap_outer.o
         2          0          0          0          0         68   use_no_semi.o
         2          0          0          0          0         68   use_no_semi_2.o
        98          4          0          0          0         92   d2f.o
       804         16          0          0          0        272   daddsub_clz.o
        24          0          0          0          0         68   dcmpi.o
        46          0          0          0          0         68   dflt_clz.o
       120          4          0          0          0         92   dleqf.o
       340         12          0          0          0        104   dmul.o
       156          4          0          0          0         92   dnaninf.o
        12          0          0          0          0         68   dretinf.o
       108          0          0          0          0         80   drleqf.o
        86          4          0          0          0         84   f2d.o
        24          0          0          0          0         68   fcmpi.o
        62          4          0          0          0         84   ffixu.o
        48          0          0          0          0         68   fflt_clz.o
       104          4          0          0          0         84   fleqf.o
       140          4          0          0          0         84   fnaninf.o
        10          0          0          0          0         68   fretinf.o
        98          0          0          0          0         68   frleqf.o
         4          0          0          0          0         68   printf1.o
         0          0          0          0          0          0   usenofp.o
        40          0          0          0          0         68   fpclassify.o

    ----------------------------------------------------------------------
      7072        260        176          0        100       4444   Library Totals
        16          0          0          0          4          0   (incl. Padding)

    ----------------------------------------------------------------------

      Code (inc. data)   RO Data    RW Data    ZI Data      Debug   Library Name

      4732        204        176          0         96       2764   c_w.l
      2284         56          0          0          0       1612   fz_ws.l
        40          0          0          0          0         68   m_ws.l

    ----------------------------------------------------------------------
      7072        260        176          0        100       4444   Library Totals

    ----------------------------------------------------------------------

==============================================================================


      Code (inc. data)   RO Data    RW Data    ZI Data      Debug   

     16996       1556        512        964       2436     992878   Grand Totals
     16996       1556        512        584       2436     992878   ELF Image Totals (compressed)
     16996       1556        512        584          0          0   ROM Totals

==============================================================================

    Total RO  Size (Code + RO Data)                17508 (  17.10kB)
    Total RW  Size (RW Data + ZI Data)              3400 (   3.32kB)
    Total ROM Size (Code + RO Data + RW Data)      18092 (  17.67kB)

==============================================================================

